[backblue.gif]
[fade.gif]
[index.html]
[www.cds.caltech.edu/_murray/books/AM08/pdf/fbs-public_24Jul2020.pdf]
[www.cds.caltech.edu/_murray/books/AM08/pdf/fbs-frontmatter_24Jul2020.pdf]
[www.cds.caltech.edu/_murray/books/AM08/pdf/fbs-intro_24Jul2020.pdf]
[www.cds.caltech.edu/_murray/books/AM08/pdf/fbs-principles_24Jul2020.pdf]
[www.cds.caltech.edu/_murray/books/AM08/pdf/fbs-modeling_24Jul2020.pdf]
[www.cds.caltech.edu/_murray/books/AM08/pdf/fbs-examples_24Jul2020.pdf]
[www.cds.caltech.edu/_murray/books/AM08/pdf/fbs-dynamics_24Jul2020.pdf]
[www.cds.caltech.edu/_murray/books/AM08/pdf/fbs-linsys_24Jul2020.pdf]
[www.cds.caltech.edu/_murray/books/AM08/pdf/fbs-statefbk_24Jul2020.pdf]
[www.cds.caltech.edu/_murray/books/AM08/pdf/fbs-outputfbk_24Jul2020.pdf]
[www.cds.caltech.edu/_murray/books/AM08/pdf/fbs-xferfcns_24Jul2020.pdf]
[www.cds.caltech.edu/_murray/books/AM08/pdf/fbs-loopanal_24Jul2020.pdf]
[www.cds.caltech.edu/_murray/books/AM08/pdf/fbs-pid_24Jul2020.pdf]
[www.cds.caltech.edu/_murray/books/AM08/pdf/fbs-loopsyn_24Jul2020.pdf]
[www.cds.caltech.edu/_murray/books/AM08/pdf/fbs-robperf_24Jul2020.pdf]
[www.cds.caltech.edu/_murray/books/AM08/pdf/fbs-limits_24Jul2020.pdf]
[www.cds.caltech.edu/_murray/books/AM08/pdf/fbs-architecture_24Jul2020.pdf]
[fbswiki.org/wiki/index.php/Feedback_Systems__An_Introduction_for_Scientists_and_Engineers.html]
[www.cds.caltech.edu/_murray/books/AM08/pdf/fbs-public_24Jul2020.pdf]
[fbswiki.org/downloads/fbs-public_24Jul2020.html]
[fbswiki.org/wiki/index.php/Errata.html]
[fbswiki.org/wiki/index.php/Karl_J.html]
[fbswiki.org/wiki/index.php/User_Murray.html]
[www.cds.caltech.edu/_murray/books/AM08/pdf/{{{2}}}_24Jul2020.html]
[fbswiki.org/downloads/{{{2}}}_24Jul2020.html]
[fbswiki.org/wiki/index.php/16_Nov_2024__Python_figure_sources_updated_for_python-control_v0.10.8.dela]
[fbswiki.org/wiki/index.php/28_Aug_2021__Links_to_first_edition_supplemental_information_added_to_chap]
[fbswiki.org/wiki/index.php/24_Jul_2020__Copyedited_version_of_FBS2e_now_available_for_download.a.dela]
[fbswiki.org/wiki/index.php/Preface.html]
[fbswiki.org/downloads/fbs-frontmatter_24Jul2020.html]
[fbswiki.org/wiki/index.php/Introduction.html]
[fbswiki.org/downloads/fbs-intro_24Jul2020.html]
[www.cds.caltech.edu/_murray/books/AM08/pdf/fbs-intro_24Jul2020.pdf]
[fbswiki.org/wiki/index.php/Feedback_Principles.html]
[fbswiki.org/downloads/fbs-principles_24Jul2020.html]
[fbswiki.org/wiki/index.php/System_Modeling.html]
[fbswiki.org/downloads/fbs-modeling_24Jul2020.html]
[fbswiki.org/wiki/index.php/Examples.html]
[fbswiki.org/downloads/fbs-examples_24Jul2020.html]
[fbswiki.org/wiki/index.php/Cruise_control.html]
[fbswiki.org/wiki/index.php/Dynamic_Behavior.html]
[fbswiki.org/downloads/fbs-dynamics_24Jul2020.html]
[fbswiki.org/wiki/index.php/Linear_Systems.html]
[fbswiki.org/downloads/fbs-linsys_24Jul2020.html]
[fbswiki.org/wiki/index.php/State_Feedback.html]
[fbswiki.org/downloads/fbs-statefbk_24Jul2020.html]
[www.cds.caltech.edu/_murray/books/AM08/pdf/fbs-statefbk_24Jul2020.pdf]
[fbswiki.org/wiki/index.php/Output_Feedback.html]
[fbswiki.org/downloads/fbs-outputfbk_24Jul2020.html]
[fbswiki.org/wiki/index.php/Transfer_Functions.html]
[fbswiki.org/downloads/fbs-xferfcns_24Jul2020.html]
[fbswiki.org/wiki/index.php/Frequency_Domain_Analysis.html]
[fbswiki.org/downloads/fbs-loopanal_24Jul2020.html]
[fbswiki.org/wiki/index.php/PID_Control.html]
[fbswiki.org/downloads/fbs-pid_24Jul2020.html]
[fbswiki.org/wiki/index.php/Frequency_Domain_Design.html]
[fbswiki.org/downloads/fbs-loopsyn_24Jul2020.html]
[fbswiki.org/wiki/index.php/Robust_Performance.html]
[fbswiki.org/downloads/fbs-robperf_24Jul2020.html]
[fbswiki.org/wiki/index.php/Fundamental_Limits.html]
[fbswiki.org/downloads/fbs-limits_24Jul2020.html]
[fbswiki.org/wiki/index.php/Architecture_and_System_Design.html]
[fbswiki.org/downloads/fbs-architecture_24Jul2020.html]
[www.cds.caltech.edu/_murray/books/AM08/pdf/fbs-backmatter_24Jul2020.pdf]
[www.control.utoronto.ca/people/profs/francis/dft.pdf]
[web.archive.org/web/20220423093734/http_/www.scg.utoronto.ca/_francis/main.pdf]
[mast.queensu.ca/_andrew/teaching/pdf/332-notes.pdf]
[www.sontaglab.org/FTPDIR/sontag_mathematical_control_theory_springer98.pdf]
[fbswiki.org/wiki/index.php/Bibliography.html]
[fbswiki.org/wiki/index.php/Main_Page.html]
[fbswiki.org/wiki/index.php/Lectures.html]
[fbswiki.org/wiki/index.php/Software.html]
[fbswiki.org/wiki/index.php/FAQ.html]
[fbswiki.org/wiki/index.php/Instructor_information.html]
[www.cds.caltech.edu/_murray/books/AM08/pdf/bfs-public_14Sep14.pdf]
[www.cds.caltech.edu/_murray/books/AM08/pdf/bfs-frontmatter_14Sep14.pdf]
[www.cds.caltech.edu/_murray/books/AM08/pdf/bfs-intro_14Sep14.pdf]
[www.cds.caltech.edu/_murray/books/AM08/pdf/bfs-coreproc_14Sep14.pdf]
[www.cds.caltech.edu/_murray/books/AM08/pdf/bfs-dynamics_14Sep14.pdf]
[www.cds.caltech.edu/_murray/books/AM08/pdf/bfs-stochastic_14Sep14.pdf]
[www.cds.caltech.edu/_murray/books/AM08/pdf/bfs-circuits_14Sep14.pdf]
[www.cds.caltech.edu/_murray/books/AM08/pdf/bfs-modules_14Sep14.pdf]
[www.cds.caltech.edu/_murray/books/AM08/pdf/bfs-tradeoffs_14Sep14.pdf]
[www.cds.caltech.edu/_murray/books/AM08/pdf/bfs-competition_24Jun2025.pdf]
[www.cds.caltech.edu/_murray/books/AM08/pdf/bfs-backmatter_14Sep14.pdf]
[fbswiki.org/wiki/index.php/Biomolecular_Feedback_Systems.html]
[www.cds.caltech.edu/_murray/books/AM08/pdf/lst-complete_30Oct2020.pdf]
[www.cds.caltech.edu/_murray/books/AM08/pdf/lst-frontmatter_30Oct2020.pdf]
[www.cds.caltech.edu/_murray/books/AM08/pdf/lst-sigsys_30Oct2020.pdf]
[www.cds.caltech.edu/_murray/books/AM08/pdf/lst-linsys_30Oct2020.pdf]
[www.cds.caltech.edu/_murray/books/AM08/pdf/lst-reachability_30Oct2020.pdf]
[www.cds.caltech.edu/_murray/books/AM08/pdf/lst-optimal_30Oct2020.pdf]
[www.cds.caltech.edu/_murray/books/AM08/pdf/lst-estimation_30Oct2020.pdf]
[www.cds.caltech.edu/_murray/books/AM08/pdf/lst-backmatter_30Oct2020.pdf]
[fbswiki.org/wiki/index.php/Supplement__Linear_Systems_Theory.html]
[www.cds.caltech.edu/_murray/books/AM08/pdf/obc-complete_12Mar2023.pdf]
[www.cds.caltech.edu/_murray/books/AM08/pdf/obc-frontmatter_20Feb2023.pdf]
[www.cds.caltech.edu/_murray/books/AM08/pdf/obc-intro_03Jan2023.pdf]
[www.cds.caltech.edu/_murray/books/OBC/notebooks/intro-iosys.pdf]
[www.cds.caltech.edu/_murray/books/OBC/notebooks/intro-xferfcn.pdf]
[www.cds.caltech.edu/_murray/books/AM08/pdf/obc-trajgen_08Jan2023.pdf]
[www.cds.caltech.edu/_murray/books/OBC/notebooks/trajgen-gainsched.pdf]
[www.cds.caltech.edu/_murray/books/OBC/notebooks/trajgen-flatness.pdf]
[www.cds.caltech.edu/_murray/books/AM08/pdf/obc-optimal_14Jan2023.pdf]
[www.cds.caltech.edu/_murray/books/OBC/notebooks/optimal-kincar.pdf]
[www.cds.caltech.edu/_murray/books/OBC/notebooks/optimal-linquad.pdf]
[www.cds.caltech.edu/_murray/books/OBC/notebooks/optimal-pvtol-lqr.pdf]
[www.cds.caltech.edu/_murray/books/OBC/notebooks/optimal-lqr-tracking.pdf]
[www.cds.caltech.edu/_murray/books/AM08/pdf/obc-rhc_28Jan2023.pdf]
[www.cds.caltech.edu/_murray/books/OBC/notebooks/rhc-doubleint.pdf]
[www.cds.caltech.edu/_murray/books/AM08/pdf/obc-stochastic_05Feb2023.pdf]
[www.cds.caltech.edu/_murray/books/OBC/notebooks/stochastic-linsys.pdf]
[www.cds.caltech.edu/_murray/books/AM08/pdf/obc-kalman_20Feb2023.pdf]
[www.cds.caltech.edu/_murray/books/OBC/notebooks/kalman-pvtol.pdf]
[www.cds.caltech.edu/_murray/books/AM08/pdf/obc-fusion_12Mar2023.pdf]
[www.cds.caltech.edu/_murray/books/OBC/notebooks/fusion-kincar.pdf]
[www.cds.caltech.edu/_murray/books/OBC/notebooks/fusion-mhe-pvtol.pdf]
[www.cds.caltech.edu/_murray/books/AM08/pdf/obc-backmatter_20Feb2023.pdf]
[fbswiki.org/wiki/index.php/Supplement__Optimization-Based_Control.html]
[fbswiki.org/wiki/index.php/Supplement__Networked_Control_Systems.html]
[fbswiki.org/wiki/index.php/Special_WhatLinksHere/Feedback_Systems__An_Introduction_for_Scientists_and]
[fbswiki.org/wiki/index.php/Special_RecentChangesLinked/Feedback_Systems__An_Introduction_for_Scientis]
[fbswiki.org/wiki/index.php/Special_SpecialPages.html]
[fbswiki.org/wiki/index.php/Special_Browse/_Feedback-5FSystems_-5FAn-5FIntroduction-5Ffor-5FScientists]
[fbswiki.org/wiki/index.php/FBSwiki_Privacy_policy.html]
[fbswiki.org/wiki/index.php/FBSwiki_About.html]
[fbswiki.org/wiki/index.php/FBSwiki_General_disclaimer.html]
[fbswiki.org/wiki/index.php/Category_Errata.html]
[www.cds.caltech.edu/_murray/books/AM08/pdf/fbs-public_24Jul2020.pdf]
[fbswiki.org/wiki/index.php/Form_Errata.html]
[fbswiki.org/wiki/index.php/Errata__'a'_in_equation_(14.html]
[fbswiki.org/wiki/index.php/Errata__C_matrix_in_Example_8.html]
[fbswiki.org/wiki/index.php/Errata__Example_8.html]
[fbswiki.org/wiki/index.php/Errata__feedforward_term_in_control_law_for_Example_7.html]
[fbswiki.org/wiki/index.php/Errata__sign_errors_in_Example_5.html]
[fbswiki.org/wiki/index.php/Special_WhatLinksHere/Category_Errata.html]
[fbswiki.org/wiki/index.php/Special_RecentChangesLinked/Category_Errata.html]
[fbswiki.org/wiki/index.php/Special_Browse/_Category_Errata.html]
[fbswiki.org/wiki/index.php/File_Astrom.html]
[fbswiki.org/wiki/index.php/Special_WhatLinksHere/Karl_J.html]
[fbswiki.org/wiki/index.php/Special_RecentChangesLinked/Karl_J.html]
[fbswiki.org/wiki/index.php/Special_Browse/_Karl-5FJ.html]
[fbswiki.org/wiki/index.php/File_Murray-14Dec2016.html]
[fbswiki.org/wiki/index.php/Special_WhatLinksHere/User_Murray.html]
[fbswiki.org/wiki/index.php/Special_RecentChangesLinked/User_Murray.html]
[fbswiki.org/wiki/index.php/Special_Contributions/Murray.html]
[fbswiki.org/wiki/index.php/Special_Log/Murray.html]
[fbswiki.org/wiki/index.php/Special_UserRights/Murray.html]
[fbswiki.org/wiki/index.php/Special_Browse/_User_Murray.html]
[fbswiki.org/wiki/index.php/Special_Categories.html]
[fbswiki.org/wiki/index.php/Category_Announcements.html]
[fbswiki.org/wiki/index.php/Special_WhatLinksHere/16_Nov_2024__Python_figure_sources_updated_for_pytho]
[fbswiki.org/wiki/index.php/Special_RecentChangesLinked/16_Nov_2024__Python_figure_sources_updated_for]
[fbswiki.org/wiki/index.php/Special_Browse/_16-5FNov-5F2024_-5FPython-5Ffigure-5Fsources-5Fupdated-5Ff]
[fbswiki.org/wiki/index.php/Special_WhatLinksHere/28_Aug_2021__Links_to_first_edition_supplemental_inf]
[fbswiki.org/wiki/index.php/Special_RecentChangesLinked/28_Aug_2021__Links_to_first_edition_supplement]
[fbswiki.org/wiki/index.php/Special_Browse/_28-5FAug-5F2021_-5FLinks-5Fto-5Ffirst-5Fedition-5Fsuppleme]
[fbswiki.org/wiki/index.php/FBS_release_3.1.html]
[fbswiki.org/wiki/index.php/Special_WhatLinksHere/24_Jul_2020__Copyedited_version_of_FBS2e_now_availab]
[fbswiki.org/wiki/index.php/Special_RecentChangesLinked/24_Jul_2020__Copyedited_version_of_FBS2e_now_a]
[fbswiki.org/wiki/index.php/Special_Browse/_24-5FJul-5F2020_-5FCopyedited-5Fversion-5Fof-5FFBS2e-5Fnow]
[fbswiki.org/wiki/index.php/FBS.html]
[fbswiki.org/wiki/index.php/Special_WhatLinksHere/Preface.html]
[fbswiki.org/wiki/index.php/Special_RecentChangesLinked/Preface.html]
[fbswiki.org/wiki/index.php/Special_Browse/_Preface.html]
[fbswiki.org/wiki/index.php/File_Intro-firstpage.html]
[fbswiki.org/wiki/index.php/Lecture__Introduction_to_Feedback_and_Control_(Caltech,_Fall_2008).74.dela]
[fbswiki.org/wiki/images/2/2a/L1-1_introduction_fa08.pdf]
[fbswiki.org/wiki/index.php/Lecture__Introduction_to_Feedback_and_Control_(Caltech,_Spring_2024).75.de]
[fbswiki.org/wiki/images/a/ae/L1-1_introduction-caltech-sp2024.pdf]
[fbswiki.org/wiki/index.php/Exercise__Exploring_the_dynamics_of_a_rolling_mill.html]
[fbswiki.org/wiki/index.php/Exercise__Popular_articles_about_control.html]
[fbswiki.org/wiki/index.php/Question__Can_a_control_system_include_a_human_operator_as_a_component_.78]
[fbswiki.org/wiki/index.php/Question__How_are_stability,_performance_and_robustness_different_.79.dela]
[fbswiki.org/wiki/index.php/Question__What_is_a_state__How_does_one_determine_what_is_a_state_and_what]
[fbswiki.org/wiki/index.php/Question__What_is_the_definition_of_a_system_.html]
[fbswiki.org/wiki/index.php/Figure_1.html]
[fbswiki.org/wiki/index.php/Figure_1-2.html]
[fbswiki.org/wiki/index.php/Category_Chapter.html]
[fbswiki.org/wiki/index.php/Special_WhatLinksHere/Introduction.html]
[fbswiki.org/wiki/index.php/Special_RecentChangesLinked/Introduction.html]
[fbswiki.org/wiki/index.php/Special_Browse/_Introduction.html]
[www.cds.caltech.edu/_murray/books/AM08/pdf/fbs-intro_24Jul2020.pdf]
[fbswiki.org/wiki/index.php/File_Principles-firstpage.html]
[fbswiki.org/wiki/index.php/Figure_2.html]
[fbswiki.org/wiki/index.php/Figure_2-2.html]
[fbswiki.org/wiki/index.php/Figure_2-3.html]
[fbswiki.org/wiki/index.php/Figure_2-4.html]
[fbswiki.org/wiki/index.php/Figure_2-5.html]
[fbswiki.org/wiki/index.php/Figure_2-6.html]
[fbswiki.org/wiki/index.php/Special_WhatLinksHere/Feedback_Principles.html]
[fbswiki.org/wiki/index.php/Special_RecentChangesLinked/Feedback_Principles.html]
[fbswiki.org/wiki/index.php/Special_Browse/_Feedback-5FPrinciples.html]
[fbswiki.org/wiki/index.php/File_Modeling-firstpage.html]
[fbswiki.org/wiki/index.php/File_Modeling_bdsym.html]
[fbswiki.org/wiki/index.php/Question__How_can_I_go_from_a_continuous_time_linear_ODE_to_a_discrete_tim]
[fbswiki.org/wiki/index.php/Question__How_can_we_tell_from_the_phase_plots_if_the_system_is_oscillatin]
[fbswiki.org/wiki/index.php/Question__How_do_you_know_when_your_model_is_sufficiently_complex_.90.dela]
[fbswiki.org/wiki/index.php/Question__In_the_predator_prey_example,_where_is_the_fox_birth_rate_term_]
[fbswiki.org/wiki/index.php/Question__What_is__closed_form__.html]
[fbswiki.org/wiki/index.php/Question__What_is_a_stochastic_system_.html]
[fbswiki.org/wiki/index.php/Question__What_is_the_advantage_of_having_a_model_.html]
[fbswiki.org/wiki/index.php/Question__Why_does_the_effective_service_rate_f(x)_go_to_zero_when_x_=_0_i]
[fbswiki.org/wiki/index.php/Question__Why_isn't_there_a_term_for_the_rabbit_death_rate_besides_being_k]
[fbswiki.org/wiki/index.php/Figure_3.html]
[fbswiki.org/wiki/index.php/Figure_3.4__Input/output_response_of_a_linear_system.html]
[fbswiki.org/wiki/index.php/Figure_3-2.html]
[fbswiki.org/wiki/index.php/Figure_3-3.html]
[fbswiki.org/wiki/index.php/Figure_3-4.html]
[fbswiki.org/wiki/index.php/Figure_3-5.html]
[fbswiki.org/wiki/index.php/Figure_3-6.html]
[fbswiki.org/wiki/index.php/Figure_3-7.html]
[fbswiki.org/wiki/index.php/Figure_3-8.html]
[fbswiki.org/wiki/index.php/Special_WhatLinksHere/System_Modeling.html]
[fbswiki.org/wiki/index.php/Special_RecentChangesLinked/System_Modeling.html]
[fbswiki.org/wiki/index.php/Special_Browse/_System-5FModeling.html]
[fbswiki.org/wiki/index.php/File_Examples-firstpage.html]
[fbswiki.org/wiki/index.php/Bicycle_dynamics.html]
[fbswiki.org/wiki/index.php/Predator-prey_dynamics.html]
[fbswiki.org/wiki/index.php/Figure_4.html]
[fbswiki.org/wiki/index.php/Figure_4-2.html]
[fbswiki.org/wiki/index.php/Figure_4-3.html]
[fbswiki.org/wiki/index.php/Figure_4-4.html]
[fbswiki.org/wiki/index.php/Figure_4-5.html]
[fbswiki.org/wiki/index.php/Special_WhatLinksHere/Examples.html]
[fbswiki.org/wiki/index.php/Special_RecentChangesLinked/Examples.html]
[fbswiki.org/wiki/index.php/Special_Browse/_Examples.html]
[fbswiki.org/wiki/index.php/File_Cruise-block.html]
[fbswiki.org/wiki/index.php/File_Cruise-speedresp.html]
[fbswiki.org/wiki/index.php/File_Cruise-gearcurves.html]
[fbswiki.org/wiki/index.php/File_Cruise-linear_vs_nonlinear.html]
[fbswiki.org/wiki/index.php/File_Cruise-statefbk.html]
[fbswiki.org/wiki/index.php/File_Cruise-pid-sweep-zeta.html]
[fbswiki.org/wiki/index.php/File_Cruise-windup.html]
[fbswiki.org/wiki/index.php/File_Cruise-antiwindup.html]
[fbswiki.org/wiki/index.php/Category_Running_examples.html]
[fbswiki.org/wiki/index.php/Special_WhatLinksHere/Cruise_control.html]
[fbswiki.org/wiki/index.php/Special_RecentChangesLinked/Cruise_control.html]
[fbswiki.org/wiki/index.php/Special_Browse/_Cruise-5Fcontrol.html]
[fbswiki.org/wiki/index.php/File_Dynamics-firstpage.html]
[fbswiki.org/wiki/index.php/File_Doscpp.html]
[fbswiki.org/wiki/index.php/File_Oscpp.html]
[fbswiki.org/wiki/index.php/File_Stablepp.html]
[fbswiki.org/wiki/index.php/Figure_5.html]
[fbswiki.org/wiki/index.php/Figure_5-2.html]
[fbswiki.org/wiki/index.php/Figure_5-3.html]
[fbswiki.org/wiki/index.php/Figure_5-4.html]
[fbswiki.org/wiki/index.php/Figure_5-5.html]
[fbswiki.org/wiki/index.php/Figure_5-6.html]
[fbswiki.org/wiki/index.php/Figure_5-7.html]
[fbswiki.org/wiki/index.php/Figure_5-8.html]
[fbswiki.org/wiki/index.php/Figure_5-9.html]
[fbswiki.org/wiki/index.php/Figure_5-10.html]
[fbswiki.org/wiki/index.php/Figure_5-11.html]
[fbswiki.org/wiki/index.php/Figure_5-12.html]
[fbswiki.org/wiki/index.php/Figure_5-13.html]
[fbswiki.org/wiki/index.php/Figure_5-14.html]
[fbswiki.org/wiki/index.php/Figure_5-15.html]
[fbswiki.org/wiki/index.php/Figure_5-16.html]
[fbswiki.org/wiki/index.php/Figure_5-17.html]
[fbswiki.org/wiki/index.php/Figure_5-18.html]
[fbswiki.org/wiki/index.php/Special_WhatLinksHere/Dynamic_Behavior.html]
[fbswiki.org/wiki/index.php/Special_RecentChangesLinked/Dynamic_Behavior.html]
[fbswiki.org/wiki/index.php/Special_Browse/_Dynamic-5FBehavior.html]
[fbswiki.org/wiki/index.php/File_Linsys-firstpage.html]
[fbswiki.org/wiki/index.php/Figure_6.html]
[fbswiki.org/wiki/index.php/Figure_6-2.html]
[fbswiki.org/wiki/index.php/Figure_6-3.html]
[fbswiki.org/wiki/index.php/Figure_6-4.html]
[fbswiki.org/wiki/index.php/Figure_6-5.html]
[fbswiki.org/wiki/index.php/Figure_6-6.html]
[fbswiki.org/wiki/index.php/Special_WhatLinksHere/Linear_Systems.html]
[fbswiki.org/wiki/index.php/Special_RecentChangesLinked/Linear_Systems.html]
[fbswiki.org/wiki/index.php/Special_Browse/_Linear-5FSystems.html]
[fbswiki.org/wiki/index.php/File_Statefbk-firstpage.html]
[fbswiki.org/wiki/index.php/Figure_7.html]
[fbswiki.org/wiki/index.php/Special_WhatLinksHere/State_Feedback.html]
[fbswiki.org/wiki/index.php/Special_RecentChangesLinked/State_Feedback.html]
[fbswiki.org/wiki/index.php/Special_Browse/_State-5FFeedback.html]
[fbswiki.org/wiki/index.php/File_Outputfbk-firstpage.html]
[fbswiki.org/wiki/index.php/Figure_8.html]
[fbswiki.org/wiki/index.php/Special_WhatLinksHere/Output_Feedback.html]
[fbswiki.org/wiki/index.php/Special_RecentChangesLinked/Output_Feedback.html]
[fbswiki.org/wiki/index.php/Special_Browse/_Output-5FFeedback.html]
[fbswiki.org/wiki/index.php/File_Xferfcns-firstpage.html]
[fbswiki.org/wiki/index.php/Special_WhatLinksHere/Transfer_Functions.html]
[fbswiki.org/wiki/index.php/Special_RecentChangesLinked/Transfer_Functions.html]
[fbswiki.org/wiki/index.php/Special_Browse/_Transfer-5FFunctions.html]
[fbswiki.org/wiki/index.php/File_Loopanal-firstpage.html]
[fbswiki.org/wiki/index.php/Special_WhatLinksHere/Frequency_Domain_Analysis.html]
[fbswiki.org/wiki/index.php/Special_RecentChangesLinked/Frequency_Domain_Analysis.html]
[fbswiki.org/wiki/index.php/Special_Browse/_Frequency-5FDomain-5FAnalysis.html]
[fbswiki.org/wiki/index.php/File_Pid-firstpage.html]
[fbswiki.org/wiki/index.php/Special_WhatLinksHere/PID_Control.html]
[fbswiki.org/wiki/index.php/Special_RecentChangesLinked/PID_Control.html]
[fbswiki.org/wiki/index.php/Special_Browse/_PID-5FControl.html]
[fbswiki.org/wiki/index.php/File_Loopsyn-firstpage.html]
[fbswiki.org/wiki/index.php/Special_WhatLinksHere/Frequency_Domain_Design.html]
[fbswiki.org/wiki/index.php/Special_RecentChangesLinked/Frequency_Domain_Design.html]
[fbswiki.org/wiki/index.php/Special_Browse/_Frequency-5FDomain-5FDesign.html]
[fbswiki.org/wiki/index.php/File_Robperf-firstpage.html]
[fbswiki.org/wiki/index.php/Special_WhatLinksHere/Robust_Performance.html]
[fbswiki.org/wiki/index.php/Special_RecentChangesLinked/Robust_Performance.html]
[fbswiki.org/wiki/index.php/Special_Browse/_Robust-5FPerformance.html]
[fbswiki.org/wiki/index.php/File_Limits-firstpage.html]
[fbswiki.org/wiki/index.php/Special_WhatLinksHere/Fundamental_Limits.html]
[fbswiki.org/wiki/index.php/Special_RecentChangesLinked/Fundamental_Limits.html]
[fbswiki.org/wiki/index.php/Special_Browse/_Fundamental-5FLimits.html]
[fbswiki.org/wiki/index.php/File_Architecture-firstpage.html]
[fbswiki.org/wiki/index.php/Special_WhatLinksHere/Architecture_and_System_Design.html]
[fbswiki.org/wiki/index.php/Special_RecentChangesLinked/Architecture_and_System_Design.html]
[fbswiki.org/wiki/index.php/Special_Browse/_Architecture-5Fand-5FSystem-5FDesign.html]
[fbswiki.org/downloads/fbs-backmatter_24Jul2020.html]
[www.sfu.ca/chaos/Publications/papers/rmp_reprint05.html]
[fbswiki.org/wiki/index.php/Special_WhatLinksHere/Bibliography.html]
[fbswiki.org/wiki/index.php/Special_RecentChangesLinked/Bibliography.html]
[fbswiki.org/wiki/index.php/Special_Browse/_Bibliography.html]
[fbswiki.org/wiki/index.php/12_Mar_2023__A_new_version_of_the_Optimization-Based_Control_(OBC)_supplem]
[fbswiki.org/wiki/index.php/30_Oct_2020__Notes_on_Linear_Systems_Theory_updated_(release_0.2.10e.delay]
[fbswiki.org/wiki/index.php/Special_WhatLinksHere/Main_Page.html]
[fbswiki.org/wiki/index.php/Special_RecentChangesLinked/Main_Page.html]
[fbswiki.org/wiki/index.php/Special_Browse/_Main-5FPage.html]
[fbswiki.org/wiki/index.php/Category_Lectures.html]
[web.archive.org/web/20220423093734/http_/www.scg.utoronto.ca/_francis/main.pdf]
[fbswiki.org/wiki/index.php/Form_Lecture.html]
[fbswiki.org/wiki/index.php/Special_WhatLinksHere/Category_Lectures.html]
[fbswiki.org/wiki/index.php/Special_RecentChangesLinked/Category_Lectures.html]
[fbswiki.org/wiki/index.php/Special_Browse/_Category_Lectures.html]
[fbswiki.org/wiki/index.php/Category_Figures.html]
[fbswiki.org/wiki/index.php/Special_WhatLinksHere/Software.html]
[fbswiki.org/wiki/index.php/Special_RecentChangesLinked/Software.html]
[fbswiki.org/wiki/index.php/Special_Browse/_Software.html]
[fbswiki.org/downloads/bfs-public_14Sep14.html]
[fbswiki.org/wiki/index.php/Domitilla_Del_Vecchio.html]
[fbswiki.org/downloads/bfs-frontmatter_14Sep14.html]
[fbswiki.org/downloads/bfs-intro_14Sep14.html]
[fbswiki.org/downloads/bfs-coreproc_14Sep14.html]
[fbswiki.org/downloads/bfs-dynamics_14Sep14.html]
[fbswiki.org/downloads/bfs-stochastic_14Sep14.html]
[fbswiki.org/downloads/bfs-circuits_14Sep14.html]
[fbswiki.org/downloads/bfs-modules_14Sep14.html]
[fbswiki.org/downloads/bfs-tradeoffs_14Sep14.html]
[fbswiki.org/downloads/bfs-competition_24Jun2025.html]
[fbswiki.org/downloads/bfs-backmatter_14Sep14.html]
[fbswiki.org/wiki/index.php/Special_WhatLinksHere/Biomolecular_Feedback_Systems.html]
[fbswiki.org/wiki/index.php/Special_RecentChangesLinked/Biomolecular_Feedback_Systems.html]
[fbswiki.org/wiki/index.php/Special_Browse/_Biomolecular-5FFeedback-5FSystems.html]
[fbswiki.org/downloads/lst-complete_30Oct2020.html]
[fbswiki.org/downloads/lst-frontmatter_30Oct2020.html]
[fbswiki.org/downloads/lst-sigsys_30Oct2020.html]
[fbswiki.org/downloads/lst-linsys_30Oct2020.html]
[fbswiki.org/downloads/lst-reachability_30Oct2020.html]
[fbswiki.org/downloads/lst-optimal_30Oct2020.html]
[fbswiki.org/downloads/lst-estimation_30Oct2020.html]
[fbswiki.org/downloads/lst-backmatter_30Oct2020.html]
[fbswiki.org/wiki/index.php/Special_WhatLinksHere/Supplement__Linear_Systems_Theory.html]
[fbswiki.org/wiki/index.php/Special_RecentChangesLinked/Supplement__Linear_Systems_Theory.html]
[fbswiki.org/wiki/index.php/Special_Browse/_Supplement_-5FLinear-5FSystems-5FTheory.html]
[fbswiki.org/downloads/obc-complete_12Mar2023.html]
[www.cds.caltech.edu/_murray/books/AM08/pdf/bfs-circuits_14Sep14.pdf]
[fbswiki.org/wiki/index.php/OBC__Archived_news.html]
[fbswiki.org/downloads/obc-frontmatter_20Feb2023.html]
[fbswiki.org/downloads/obc-intro_03Jan2023.html]
[fbswiki.org/downloads/obc-trajgen_08Jan2023.html]
[fbswiki.org/downloads/obc-optimal_14Jan2023.html]
[fbswiki.org/downloads/obc-rhc_28Jan2023.html]
[fbswiki.org/downloads/obc-stochastic_05Feb2023.html]
[fbswiki.org/downloads/obc-kalman_20Feb2023.html]
[fbswiki.org/downloads/obc-fusion_12Mar2023.html]
[fbswiki.org/downloads/obc-backmatter_20Feb2023.html]
[fbswiki.org/wiki/index.php/Special_WhatLinksHere/Supplement__Optimization-Based_Control.html]
[fbswiki.org/wiki/index.php/Special_RecentChangesLinked/Supplement__Optimization-Based_Control.16c.del]
[fbswiki.org/wiki/index.php/Special_Browse/_Supplement_-5FOptimization-2DBased-5FControl.html]
[fbswiki.org/wiki/index.php/Special_WhatLinksHere/Supplement__Networked_Control_Systems.html]
[fbswiki.org/wiki/index.php/Special_RecentChangesLinked/Supplement__Networked_Control_Systems.16f.dela]
[fbswiki.org/wiki/index.php/Special_Browse/_Supplement_-5FNetworked-5FControl-5FSystems.html]
[fbswiki.org/wiki/index.php/Special_WhatLinksHere/Form_Errata.html]
[fbswiki.org/wiki/index.php/Special_RecentChangesLinked/Form_Errata.html]
[fbswiki.org/wiki/index.php/Special_WhatLinksHere/Errata__'a'_in_equation_(14.html]
[fbswiki.org/wiki/index.php/Special_RecentChangesLinked/Errata__'a'_in_equation_(14.html]
[fbswiki.org/wiki/index.php/Special_Browse/_Errata_-5F'a'-5Fin-5Fequation-5F(14.html]
[fbswiki.org/wiki/index.php/Special_WhatLinksHere/Errata__C_matrix_in_Example_8.html]
[fbswiki.org/wiki/index.php/Special_RecentChangesLinked/Errata__C_matrix_in_Example_8.html]
[fbswiki.org/wiki/index.php/Special_Browse/_Errata_-5FC-5Fmatrix-5Fin-5FExample-5F8.html]
[fbswiki.org/wiki/index.php/File_Figure-8.13-steering-gainsched.html]
[fbswiki.org/wiki/index.php/Special_WhatLinksHere/Errata__Example_8.html]
[fbswiki.org/wiki/index.php/Special_RecentChangesLinked/Errata__Example_8.html]
[fbswiki.org/wiki/index.php/Special_Browse/_Errata_-5FExample-5F8.html]
[fbswiki.org/wiki/index.php/Special_WhatLinksHere/Errata__feedforward_term_in_control_law_for_Example_]
[fbswiki.org/wiki/index.php/Special_RecentChangesLinked/Errata__feedforward_term_in_control_law_for_Ex]
[fbswiki.org/wiki/index.php/Special_Browse/_Errata_-5Ffeedforward-5Fterm-5Fin-5Fcontrol-5Flaw-5Ffor-5F]
[fbswiki.org/wiki/index.php/Special_WhatLinksHere/Errata__sign_errors_in_Example_5.html]
[fbswiki.org/wiki/index.php/Special_RecentChangesLinked/Errata__sign_errors_in_Example_5.html]
[fbswiki.org/wiki/index.php/Special_Browse/_Errata_-5Fsign-5Ferrors-5Fin-5FExample-5F5.html]
[fbswiki.org/wiki/index.php/Special_WhatLinksHere/File_Astrom.html]
[fbswiki.org/wiki/index.php/Special_RecentChangesLinked/File_Astrom.html]
[fbswiki.org/wiki/index.php/Special_Browse/_File_Astrom.html]
[fbswiki.org/wiki/index.php/Special_WhatLinksHere/File_Murray-14Dec2016.html]
[fbswiki.org/wiki/index.php/Special_RecentChangesLinked/File_Murray-14Dec2016.html]
[fbswiki.org/wiki/index.php/Special_Browse/_File_Murray-2D14Dec2016.html]
[fbswiki.org/wiki/index.php/Form_Announcement.html]
[fbswiki.org/wiki/index.php/Special_WhatLinksHere/Category_Announcements.html]
[fbswiki.org/wiki/index.php/Special_RecentChangesLinked/Category_Announcements.html]
[fbswiki.org/wiki/index.php/Special_Browse/_Category_Announcements.html]
[www.cds.caltech.edu/_murray/books/AM08/pdf/12_24Jul2020.html]
[fbswiki.org/downloads/12_24Jul2020.html]
[fbswiki.org/wiki/index.php/Category_Releases.html]
[fbswiki.org/wiki/index.php/Special_WhatLinksHere/FBS_release_3.1.html]
[fbswiki.org/wiki/index.php/Special_RecentChangesLinked/FBS_release_3.1.html]
[fbswiki.org/wiki/index.php/Special_Browse/_FBS-5Frelease-5F3.1.html]
[fbswiki.org/wiki/index.php/Special_WhatLinksHere/File_Intro-firstpage.html]
[fbswiki.org/wiki/index.php/Special_RecentChangesLinked/File_Intro-firstpage.html]
[fbswiki.org/wiki/index.php/Special_Browse/_File_Intro-2Dfirstpage.html]
[fbswiki.org/wiki/index.php/File_L1-1_introduction_fa08.html]
[fbswiki.org/wiki/index.php/Special_WhatLinksHere/Lecture__Introduction_to_Feedback_and_Control_(Calte]
[fbswiki.org/wiki/index.php/Special_RecentChangesLinked/Lecture__Introduction_to_Feedback_and_Control_]
[fbswiki.org/wiki/index.php/Special_Browse/_Lecture_-5FIntroduction-5Fto-5FFeedback-5Fand-5FControl-5F]
[fbswiki.org/wiki/index.php/File_L1-1_introduction-caltech-sp2024.html]
[fbswiki.org/wiki/index.php/Special_WhatLinksHere/Lecture__Introduction_to_Feedback_and_Control_(Calte-2]
[fbswiki.org/wiki/index.php/Special_RecentChangesLinked/Lecture__Introduction_to_Feedback_and_Control_-2]
[fbswiki.org/wiki/index.php/Special_Browse/_Lecture_-5FIntroduction-5Fto-5FFeedback-5Fand-5FControl-5F-2]
[fbswiki.org/wiki/index.php/File_Rollingmill.html]
[fbswiki.org/wiki/index.php/Category_Exercises.html]
[fbswiki.org/wiki/index.php/Special_WhatLinksHere/Exercise__Exploring_the_dynamics_of_a_rolling_mill.1]
[fbswiki.org/wiki/index.php/Special_RecentChangesLinked/Exercise__Exploring_the_dynamics_of_a_rolling_]
[fbswiki.org/wiki/index.php/Special_Browse/_Exercise_-5FExploring-5Fthe-5Fdynamics-5Fof-5Fa-5Frolling-]
[fbswiki.org/wiki/index.php/Special_WhatLinksHere/Exercise__Popular_articles_about_control.html]
[fbswiki.org/wiki/index.php/Special_RecentChangesLinked/Exercise__Popular_articles_about_control.1a6.d]
[fbswiki.org/wiki/index.php/Special_Browse/_Exercise_-5FPopular-5Farticles-5Fabout-5Fcontrol.1a7.delay]
[fbswiki.org/wiki/index.php/Category_Questions.html]
[fbswiki.org/wiki/index.php/Special_WhatLinksHere/Question__Can_a_control_system_include_a_human_opera]
[fbswiki.org/wiki/index.php/Special_RecentChangesLinked/Question__Can_a_control_system_include_a_human]
[fbswiki.org/wiki/index.php/Special_Browse/_Question_-5FCan-5Fa-5Fcontrol-5Fsystem-5Finclude-5Fa-5Fhum]
[fbswiki.org/wiki/index.php/File_Anim_pend.html]
[fbswiki.org/wiki/index.php/Special_WhatLinksHere/Question__How_are_stability,_performance_and_robustn]
[fbswiki.org/wiki/index.php/Special_RecentChangesLinked/Question__How_are_stability,_performance_and_r]
[fbswiki.org/wiki/index.php/Special_Browse/_Question_-5FHow-5Fare-5Fstability,-5Fperformance-5Fand-5Fr]
[fbswiki.org/wiki/index.php/Special_WhatLinksHere/Question__What_is_a_state__How_does_one_determine_wh]
[fbswiki.org/wiki/index.php/Special_RecentChangesLinked/Question__What_is_a_state__How_does_one_determ]
[fbswiki.org/wiki/index.php/Special_Browse/_Question_-5FWhat-5Fis-5Fa-5Fstate-3F-5FHow-5Fdoes-5Fone-5F]
[fbswiki.org/wiki/index.php/Special_WhatLinksHere/Question__What_is_the_definition_of_a_system_.1b3.de]
[fbswiki.org/wiki/index.php/Special_RecentChangesLinked/Question__What_is_the_definition_of_a_system_]
[fbswiki.org/wiki/index.php/Special_Browse/_Question_-5FWhat-5Fis-5Fthe-5Fdefinition-5Fof-5Fa-5Fsystem]
[fbswiki.org/wiki/index.php/Cruise.html]
[fbswiki.org/wiki/index.php/File_Figure-1.11-cruise_robustness.html]
[fbswiki.org/wiki/index.php/Special_WhatLinksHere/Figure_1.html]
[fbswiki.org/wiki/index.php/Special_RecentChangesLinked/Figure_1.html]
[fbswiki.org/wiki/index.php/Special_Browse/_Figure-5F1.html]
[fbswiki.org/wiki/index.php/File_Figure-1.18-airfuel-blk.html]
[fbswiki.org/wiki/index.php/File_Figure-1.18-airfuel_selectors.html]
[fbswiki.org/wiki/index.php/Special_WhatLinksHere/Figure_1-2.html]
[fbswiki.org/wiki/index.php/Special_RecentChangesLinked/Figure_1-2.html]
[fbswiki.org/wiki/index.php/Special_Browse/_Figure-5F1-2.html]
[fbswiki.org/wiki/index.php/Form_Chapter.html]
[fbswiki.org/wiki/index.php/Special_WhatLinksHere/Category_Chapter.html]
[fbswiki.org/wiki/index.php/Special_RecentChangesLinked/Category_Chapter.html]
[fbswiki.org/wiki/index.php/Special_Browse/_Category_Chapter.html]
[fbswiki.org/wiki/index.php/Special_WhatLinksHere/File_Principles-firstpage.html]
[fbswiki.org/wiki/index.php/Special_RecentChangesLinked/File_Principles-firstpage.html]
[fbswiki.org/wiki/index.php/Special_Browse/_File_Principles-2Dfirstpage.html]
[fbswiki.org/wiki/index.php/File_Figure-2.8-PI_step_response.html]
[fbswiki.org/wiki/index.php/Special_WhatLinksHere/Figure_2.html]
[fbswiki.org/wiki/index.php/Special_RecentChangesLinked/Figure_2.html]
[fbswiki.org/wiki/index.php/Special_Browse/_Figure-5F2.html]
[fbswiki.org/wiki/index.php/File_Figure-2.9-secord_stepresp.html]
[fbswiki.org/wiki/index.php/Special_WhatLinksHere/Figure_2-2.html]
[fbswiki.org/wiki/index.php/Special_RecentChangesLinked/Figure_2-2.html]
[fbswiki.org/wiki/index.php/Special_Browse/_Figure-5F2-2.html]
[fbswiki.org/wiki/index.php/File_Figure-2.11-2dof_stepresp.html]
[fbswiki.org/wiki/index.php/Special_WhatLinksHere/Figure_2-3.html]
[fbswiki.org/wiki/index.php/Special_RecentChangesLinked/Figure_2-3.html]
[fbswiki.org/wiki/index.php/Special_Browse/_Figure-5F2-3.html]
[fbswiki.org/wiki/index.php/File_Figure-2.12-static_nlsys.html]
[fbswiki.org/wiki/index.php/Special_WhatLinksHere/Figure_2-4.html]
[fbswiki.org/wiki/index.php/Special_RecentChangesLinked/Figure_2-4.html]
[fbswiki.org/wiki/index.php/Special_Browse/_Figure-5F2-4.html]
[fbswiki.org/wiki/index.php/File_Figure-2.14-static_nlsys.html]
[fbswiki.org/wiki/index.php/Special_WhatLinksHere/Figure_2-5.html]
[fbswiki.org/wiki/index.php/Special_RecentChangesLinked/Figure_2-5.html]
[fbswiki.org/wiki/index.php/Special_Browse/_Figure-5F2-5.html]
[fbswiki.org/wiki/index.php/File_Figure-2.19-posfbk_saturation.html]
[fbswiki.org/wiki/index.php/Special_WhatLinksHere/Figure_2-6.html]
[fbswiki.org/wiki/index.php/Special_RecentChangesLinked/Figure_2-6.html]
[fbswiki.org/wiki/index.php/Special_Browse/_Figure-5F2-6.html]
[fbswiki.org/wiki/index.php/Special_WhatLinksHere/File_Modeling-firstpage.html]
[fbswiki.org/wiki/index.php/Special_RecentChangesLinked/File_Modeling-firstpage.html]
[fbswiki.org/wiki/index.php/Special_Browse/_File_Modeling-2Dfirstpage.html]
[fbswiki.org/wiki/index.php/Special_WhatLinksHere/File_Modeling_bdsym.html]
[fbswiki.org/wiki/index.php/Special_RecentChangesLinked/File_Modeling_bdsym.html]
[fbswiki.org/wiki/index.php/Special_Browse/_File_Modeling-5Fbdsym.html]
[fbswiki.org/wiki/index.php/Special_WhatLinksHere/Question__How_can_I_go_from_a_continuous_time_linear]
[fbswiki.org/wiki/index.php/Special_RecentChangesLinked/Question__How_can_I_go_from_a_continuous_time_]
[fbswiki.org/wiki/index.php/Special_Browse/_Question_-5FHow-5Fcan-5FI-5Fgo-5Ffrom-5Fa-5Fcontinuous-5Ft]
[fbswiki.org/wiki/index.php/Special_WhatLinksHere/Question__How_can_we_tell_from_the_phase_plots_if_th]
[fbswiki.org/wiki/index.php/Special_RecentChangesLinked/Question__How_can_we_tell_from_the_phase_plots]
[fbswiki.org/wiki/index.php/Special_Browse/_Question_-5FHow-5Fcan-5Fwe-5Ftell-5Ffrom-5Fthe-5Fphase-5Fp]
[fbswiki.org/wiki/index.php/Special_WhatLinksHere/Question__How_do_you_know_when_your_model_is_suffici]
[fbswiki.org/wiki/index.php/Special_RecentChangesLinked/Question__How_do_you_know_when_your_model_is_s]
[fbswiki.org/wiki/index.php/Special_Browse/_Question_-5FHow-5Fdo-5Fyou-5Fknow-5Fwhen-5Fyour-5Fmodel-5F]
[fbswiki.org/wiki/index.php/Special_WhatLinksHere/Question__In_the_predator_prey_example,_where_is_the]
[fbswiki.org/wiki/index.php/Special_RecentChangesLinked/Question__In_the_predator_prey_example,_where_]
[fbswiki.org/wiki/index.php/Special_Browse/_Question_-5FIn-5Fthe-5Fpredator-5Fprey-5Fexample,-5Fwhere-]
[fbswiki.org/wiki/index.php/Special_WhatLinksHere/Question__What_is__closed_form__.html]
[fbswiki.org/wiki/index.php/Special_RecentChangesLinked/Question__What_is__closed_form__.html]
[fbswiki.org/wiki/index.php/Special_Browse/_Question_-5FWhat-5Fis-5F_closed-5Fform_-3F.html]
[fbswiki.org/wiki/index.php/Special_WhatLinksHere/Question__What_is_a_stochastic_system_.html]
[fbswiki.org/wiki/index.php/Special_RecentChangesLinked/Question__What_is_a_stochastic_system_.1f5.del]
[fbswiki.org/wiki/index.php/Special_Browse/_Question_-5FWhat-5Fis-5Fa-5Fstochastic-5Fsystem-3F.1f6.del]
[fbswiki.org/wiki/index.php/Special_WhatLinksHere/Question__What_is_the_advantage_of_having_a_model_.1]
[fbswiki.org/wiki/index.php/Special_RecentChangesLinked/Question__What_is_the_advantage_of_having_a_mo]
[fbswiki.org/wiki/index.php/Special_Browse/_Question_-5FWhat-5Fis-5Fthe-5Fadvantage-5Fof-5Fhaving-5Fa-]
[fbswiki.org/wiki/index.php/Special_WhatLinksHere/Question__Why_does_the_effective_service_rate_f(x)_g]
[fbswiki.org/wiki/index.php/Special_RecentChangesLinked/Question__Why_does_the_effective_service_rate_]
[fbswiki.org/wiki/index.php/Special_Browse/_Question_-5FWhy-5Fdoes-5Fthe-5Feffective-5Fservice-5Frate-]
[fbswiki.org/wiki/index.php/Special_WhatLinksHere/Question__Why_isn't_there_a_term_for_the_rabbit_deat]
[fbswiki.org/wiki/index.php/Special_RecentChangesLinked/Question__Why_isn't_there_a_term_for_the_rabbi]
[fbswiki.org/wiki/index.php/Special_Browse/_Question_-5FWhy-5Fisn't-5Fthere-5Fa-5Fterm-5Ffor-5Fthe-5Fr]
[fbswiki.org/wiki/index.php/File_Figure-3.2-state_model.html]
[fbswiki.org/wiki/index.php/Special_WhatLinksHere/Figure_3.html]
[fbswiki.org/wiki/index.php/Special_RecentChangesLinked/Figure_3.html]
[fbswiki.org/wiki/index.php/Special_Browse/_Figure-5F3.html]
[fbswiki.org/wiki/index.php/File_Figure-3.4-io_response.html]
[fbswiki.org/wiki/index.php/Special_WhatLinksHere/Figure_3.4__Input/output_response_of_a_linear_system]
[fbswiki.org/wiki/index.php/Special_RecentChangesLinked/Figure_3.4__Input/output_response_of_a_linear_]
[fbswiki.org/wiki/index.php/Special_Browse/_Figure-5F3-2.html]
[fbswiki.org/wiki/index.php/File_Figure-3.8-predator_prey.html]
[fbswiki.org/wiki/index.php/Special_WhatLinksHere/Figure_3-2.html]
[fbswiki.org/wiki/index.php/Special_RecentChangesLinked/Figure_3-2.html]
[fbswiki.org/wiki/index.php/Special_Browse/_Figure-5F3-3.html]
[fbswiki.org/wiki/index.php/File_Figure-3.11-spring_mass_simulation.html]
[fbswiki.org/wiki/index.php/Special_WhatLinksHere/Figure_3-3.html]
[fbswiki.org/wiki/index.php/Special_RecentChangesLinked/Figure_3-3.html]
[fbswiki.org/wiki/index.php/Special_Browse/_Figure-5F3-4.html]
[fbswiki.org/wiki/index.php/File_Figure-3.12-frequency_response.html]
[fbswiki.org/wiki/index.php/Special_WhatLinksHere/Figure_3-4.html]
[fbswiki.org/wiki/index.php/Special_RecentChangesLinked/Figure_3-4.html]
[fbswiki.org/wiki/index.php/Special_Browse/_Figure-5F3-5.html]
[fbswiki.org/wiki/index.php/File_Figure-3.22-queuing_dynamics.html]
[fbswiki.org/wiki/index.php/Special_WhatLinksHere/Figure_3-5.html]
[fbswiki.org/wiki/index.php/Special_RecentChangesLinked/Figure_3-5.html]
[fbswiki.org/wiki/index.php/Special_Browse/_Figure-5F3-6.html]
[fbswiki.org/wiki/index.php/File_Figure-3.24-consensus_dynamics.html]
[fbswiki.org/wiki/index.php/Special_WhatLinksHere/Figure_3-6.html]
[fbswiki.org/wiki/index.php/Special_RecentChangesLinked/Figure_3-6.html]
[fbswiki.org/wiki/index.php/Special_Browse/_Figure-5F3-7.html]
[fbswiki.org/wiki/index.php/File_Figure-3.26-repressilator_dynamics.html]
[fbswiki.org/wiki/index.php/Special_WhatLinksHere/Figure_3-7.html]
[fbswiki.org/wiki/index.php/Special_RecentChangesLinked/Figure_3-7.html]
[fbswiki.org/wiki/index.php/Special_Browse/_Figure-5F3-8.html]
[fbswiki.org/wiki/index.php/File_Figure-3.28-fitzhugh_nagumo.html]
[fbswiki.org/wiki/index.php/Special_WhatLinksHere/Figure_3-8.html]
[fbswiki.org/wiki/index.php/Special_RecentChangesLinked/Figure_3-8.html]
[fbswiki.org/wiki/index.php/Special_Browse/_Figure-5F3-9.html]
[fbswiki.org/wiki/index.php/Special_WhatLinksHere/File_Examples-firstpage.html]
[fbswiki.org/wiki/index.php/Special_RecentChangesLinked/File_Examples-firstpage.html]
[fbswiki.org/wiki/index.php/Special_Browse/_File_Examples-2Dfirstpage.html]
[fbswiki.org/wiki/index.php/Special_WhatLinksHere/Bicycle_dynamics.html]
[fbswiki.org/wiki/index.php/Special_RecentChangesLinked/Bicycle_dynamics.html]
[fbswiki.org/wiki/index.php/Special_Browse/_Bicycle-5Fdynamics.html]
[fbswiki.org/wiki/index.php/Special_WhatLinksHere/Predator-prey_dynamics.html]
[fbswiki.org/wiki/index.php/Special_RecentChangesLinked/Predator-prey_dynamics.html]
[fbswiki.org/wiki/index.php/Special_Browse/_Predator-2Dprey-5Fdynamics.html]
[fbswiki.org/wiki/index.php/Special_WhatLinksHere/Figure_4.html]
[fbswiki.org/wiki/index.php/Special_RecentChangesLinked/Figure_4.html]
[fbswiki.org/wiki/index.php/Special_Browse/_Figure-5F4.html]
[fbswiki.org/wiki/index.php/Special_WhatLinksHere/Figure_4-2.html]
[fbswiki.org/wiki/index.php/Special_RecentChangesLinked/Figure_4-2.html]
[fbswiki.org/wiki/index.php/Special_Browse/_Figure-5F4-2.html]
[fbswiki.org/wiki/index.php/File_Figure-4.12-congctrl-net.html]
[fbswiki.org/wiki/index.php/File_Figure-4.12-congctrl_eqplot.html]
[fbswiki.org/wiki/index.php/Special_WhatLinksHere/Figure_4-3.html]
[fbswiki.org/wiki/index.php/Special_RecentChangesLinked/Figure_4-3.html]
[fbswiki.org/wiki/index.php/Special_Browse/_Figure-5F4-3.html]
[fbswiki.org/wiki/index.php/Congctrl.html]
[fbswiki.org/wiki/index.php/File_Figure-4.13-congctrl-identical.html]
[fbswiki.org/wiki/index.php/File_Figure-4.13-congctrl_tcpsim.html]
[fbswiki.org/wiki/index.php/Special_WhatLinksHere/Figure_4-4.html]
[fbswiki.org/wiki/index.php/Special_RecentChangesLinked/Figure_4-4.html]
[fbswiki.org/wiki/index.php/Special_Browse/_Figure-5F4-4.html]
[fbswiki.org/wiki/index.php/File_Figure-4.20-predprey_ctstime-sim.html]
[fbswiki.org/wiki/index.php/File_Figure-4.20-predprey_ctstime-pp.html]
[fbswiki.org/wiki/index.php/Special_WhatLinksHere/Figure_4-5.html]
[fbswiki.org/wiki/index.php/Special_RecentChangesLinked/Figure_4-5.html]
[fbswiki.org/wiki/index.php/Special_Browse/_Figure-5F4-5.html]
[fbswiki.org/wiki/index.php/Special_WhatLinksHere/File_Cruise-block.html]
[fbswiki.org/wiki/index.php/Special_RecentChangesLinked/File_Cruise-block.html]
[fbswiki.org/wiki/index.php/Special_Browse/_File_Cruise-2Dblock.html]
[fbswiki.org/wiki/index.php/Special_WhatLinksHere/File_Cruise-speedresp.html]
[fbswiki.org/wiki/index.php/Special_RecentChangesLinked/File_Cruise-speedresp.html]
[fbswiki.org/wiki/index.php/Special_Browse/_File_Cruise-2Dspeedresp.html]
[fbswiki.org/wiki/index.php/Special_WhatLinksHere/File_Cruise-gearcurves.html]
[fbswiki.org/wiki/index.php/Special_RecentChangesLinked/File_Cruise-gearcurves.html]
[fbswiki.org/wiki/index.php/Special_Browse/_File_Cruise-2Dgearcurves.html]
[fbswiki.org/wiki/index.php/Special_WhatLinksHere/File_Cruise-linear_vs_nonlinear.html]
[fbswiki.org/wiki/index.php/Special_RecentChangesLinked/File_Cruise-linear_vs_nonlinear.html]
[fbswiki.org/wiki/index.php/Special_Browse/_File_Cruise-2Dlinear-5Fvs-5Fnonlinear.html]
[fbswiki.org/wiki/index.php/Special_WhatLinksHere/File_Cruise-statefbk.html]
[fbswiki.org/wiki/index.php/Special_RecentChangesLinked/File_Cruise-statefbk.html]
[fbswiki.org/wiki/index.php/Special_Browse/_File_Cruise-2Dstatefbk.html]
[fbswiki.org/wiki/index.php/Special_WhatLinksHere/File_Cruise-pid-sweep-zeta.html]
[fbswiki.org/wiki/index.php/Special_RecentChangesLinked/File_Cruise-pid-sweep-zeta.html]
[fbswiki.org/wiki/index.php/Special_Browse/_File_Cruise-2Dpid-2Dsweep-2Dzeta.html]
[fbswiki.org/wiki/index.php/Special_WhatLinksHere/File_Cruise-windup.html]
[fbswiki.org/wiki/index.php/Special_RecentChangesLinked/File_Cruise-windup.html]
[fbswiki.org/wiki/index.php/Special_Browse/_File_Cruise-2Dwindup.html]
[fbswiki.org/wiki/index.php/Special_WhatLinksHere/File_Cruise-antiwindup.html]
[fbswiki.org/wiki/index.php/Special_RecentChangesLinked/File_Cruise-antiwindup.html]
[fbswiki.org/wiki/index.php/Special_Browse/_File_Cruise-2Dantiwindup.html]
[fbswiki.org/wiki/index.php/Special_WhatLinksHere/Category_Running_examples.html]
[fbswiki.org/wiki/index.php/Special_RecentChangesLinked/Category_Running_examples.html]
[fbswiki.org/wiki/index.php/Special_Browse/_Category_Running-5Fexamples.html]
[fbswiki.org/wiki/index.php/Special_WhatLinksHere/File_Dynamics-firstpage.html]
[fbswiki.org/wiki/index.php/Special_RecentChangesLinked/File_Dynamics-firstpage.html]
[fbswiki.org/wiki/index.php/Special_Browse/_File_Dynamics-2Dfirstpage.html]
[fbswiki.org/wiki/index.php/Special_WhatLinksHere/File_Doscpp.html]
[fbswiki.org/wiki/index.php/Special_RecentChangesLinked/File_Doscpp.html]
[fbswiki.org/wiki/index.php/Special_Browse/_File_Doscpp.html]
[fbswiki.org/wiki/index.php/Special_WhatLinksHere/File_Oscpp.html]
[fbswiki.org/wiki/index.php/Special_RecentChangesLinked/File_Oscpp.html]
[fbswiki.org/wiki/index.php/Special_Browse/_File_Oscpp.html]
[fbswiki.org/wiki/index.php/Special_WhatLinksHere/File_Stablepp.html]
[fbswiki.org/wiki/index.php/Special_RecentChangesLinked/File_Stablepp.html]
[fbswiki.org/wiki/index.php/Special_Browse/_File_Stablepp.html]
[fbswiki.org/wiki/index.php/File_Figure-5-1-damposc_response-time.html]
[fbswiki.org/wiki/index.php/Special_WhatLinksHere/Figure_5.html]
[fbswiki.org/wiki/index.php/Special_RecentChangesLinked/Figure_5.html]
[fbswiki.org/wiki/index.php/Special_Browse/_Figure-5F5.html]
[fbswiki.org/wiki/index.php/File_Figure-5.3-phase_portraits-vf.html]
[fbswiki.org/wiki/index.php/File_Figure-5.3-phase_portraits-sl.html]
[fbswiki.org/wiki/index.php/Special_WhatLinksHere/Figure_5-2.html]
[fbswiki.org/wiki/index.php/Special_RecentChangesLinked/Figure_5-2.html]
[fbswiki.org/wiki/index.php/Special_Browse/_Figure-5F5-2.html]
[fbswiki.org/wiki/index.php/File_Figure-5.4-invpend_phaseplot.html]
[fbswiki.org/wiki/index.php/Special_WhatLinksHere/Figure_5-3.html]
[fbswiki.org/wiki/index.php/Special_RecentChangesLinked/Figure_5-3.html]
[fbswiki.org/wiki/index.php/Special_Browse/_Figure-5F5-3.html]
[fbswiki.org/wiki/index.php/File_Figure-5.5-limit_cycle-pp.html]
[fbswiki.org/wiki/index.php/File_Figure-5.5-limit_cycle-time.html]
[fbswiki.org/wiki/index.php/Special_WhatLinksHere/Figure_5-4.html]
[fbswiki.org/wiki/index.php/Special_RecentChangesLinked/Figure_5-4.html]
[fbswiki.org/wiki/index.php/Special_Browse/_Figure-5F5-4.html]
[fbswiki.org/wiki/index.php/File_Figure-5-6-lyapunov_stability.html]
[fbswiki.org/wiki/index.php/Special_WhatLinksHere/Figure_5-5.html]
[fbswiki.org/wiki/index.php/Special_RecentChangesLinked/Figure_5-5.html]
[fbswiki.org/wiki/index.php/Special_Browse/_Figure-5F5-5.html]
[fbswiki.org/wiki/index.php/File_Figure-5.7-stable_eqpt-pp.html]
[fbswiki.org/wiki/index.php/File_Figure-5.7-stable_eqpt-time.html]
[fbswiki.org/wiki/index.php/Special_WhatLinksHere/Figure_5-6.html]
[fbswiki.org/wiki/index.php/Special_RecentChangesLinked/Figure_5-6.html]
[fbswiki.org/wiki/index.php/Special_Browse/_Figure-5F5-6.html]
[fbswiki.org/wiki/index.php/File_Figure-5.8-asystable_eqpt-pp.html]
[fbswiki.org/wiki/index.php/File_Figure-5.8-asystable_eqpt-time.html]
[fbswiki.org/wiki/index.php/Special_WhatLinksHere/Figure_5-7.html]
[fbswiki.org/wiki/index.php/Special_RecentChangesLinked/Figure_5-7.html]
[fbswiki.org/wiki/index.php/Special_Browse/_Figure-5F5-7.html]
[fbswiki.org/wiki/index.php/File_Figure-5.9-unstable_eqpt-pp.html]
[fbswiki.org/wiki/index.php/File_Figure-5.9-untable_eqpt-time.html]
[fbswiki.org/wiki/index.php/Special_WhatLinksHere/Figure_5-8.html]
[fbswiki.org/wiki/index.php/Special_RecentChangesLinked/Figure_5-8.html]
[fbswiki.org/wiki/index.php/Special_Browse/_Figure-5F5-8.html]
[fbswiki.org/wiki/index.php/File_Figure-5.10-congctrl_dynamics-pp1.html]
[fbswiki.org/wiki/index.php/File_Figure-5.10-congctrl_dynamics-pp2.html]
[fbswiki.org/wiki/index.php/Special_WhatLinksHere/Figure_5-9.html]
[fbswiki.org/wiki/index.php/Special_RecentChangesLinked/Figure_5-9.html]
[fbswiki.org/wiki/index.php/Special_Browse/_Figure-5F5-9.html]
[fbswiki.org/wiki/index.php/File_Figure-5.11-invpend_dynamics-nl.html]
[fbswiki.org/wiki/index.php/File_Figure-5.11-invpend_dynamics-ln.html]
[fbswiki.org/wiki/index.php/Special_WhatLinksHere/Figure_5-10.html]
[fbswiki.org/wiki/index.php/Special_RecentChangesLinked/Figure_5-10.html]
[fbswiki.org/wiki/index.php/Special_Browse/_Figure-5F5-10.html]
[fbswiki.org/wiki/index.php/File_Figure-5-12-tanker_stability.html]
[fbswiki.org/wiki/index.php/Special_WhatLinksHere/Figure_5-11.html]
[fbswiki.org/wiki/index.php/Special_RecentChangesLinked/Figure_5-11.html]
[fbswiki.org/wiki/index.php/Special_Browse/_Figure-5F5-11.html]
[fbswiki.org/wiki/index.php/File_Figure-5-13-limit_cycle_stability.html]
[fbswiki.org/wiki/index.php/Special_WhatLinksHere/Figure_5-12.html]
[fbswiki.org/wiki/index.php/Special_RecentChangesLinked/Figure_5-12.html]
[fbswiki.org/wiki/index.php/Special_Browse/_Figure-5F5-12.html]
[fbswiki.org/wiki/index.php/File_Figure-5-15-genswitch_stability.html]
[fbswiki.org/wiki/index.php/Special_WhatLinksHere/Figure_5-13.html]
[fbswiki.org/wiki/index.php/Special_RecentChangesLinked/Figure_5-13.html]
[fbswiki.org/wiki/index.php/Special_Browse/_Figure-5F5-13.html]
[fbswiki.org/wiki/index.php/File_Figure-5.16-genswitch_dynamics.html]
[fbswiki.org/wiki/index.php/Special_WhatLinksHere/Figure_5-14.html]
[fbswiki.org/wiki/index.php/Special_RecentChangesLinked/Figure_5-14.html]
[fbswiki.org/wiki/index.php/Special_Browse/_Figure-5F5-14.html]
[fbswiki.org/wiki/index.php/File_Figure-5.17-balpend_phaseplot.html]
[fbswiki.org/wiki/index.php/Special_WhatLinksHere/Figure_5-15.html]
[fbswiki.org/wiki/index.php/Special_RecentChangesLinked/Figure_5-15.html]
[fbswiki.org/wiki/index.php/Special_Browse/_Figure-5F5-15.html]
[fbswiki.org/wiki/index.php/Predprey.html]
[fbswiki.org/wiki/index.php/File_Figure-5.18-predprey_bif.html]
[fbswiki.org/wiki/index.php/Special_WhatLinksHere/Figure_5-16.html]
[fbswiki.org/wiki/index.php/Special_RecentChangesLinked/Figure_5-16.html]
[fbswiki.org/wiki/index.php/Special_Browse/_Figure-5F5-16.html]
[fbswiki.org/wiki/index.php/Bicycle.html]
[fbswiki.org/wiki/index.php/File_Figure-5.19-bicycle_stability.html]
[fbswiki.org/wiki/index.php/Special_WhatLinksHere/Figure_5-17.html]
[fbswiki.org/wiki/index.php/Special_RecentChangesLinked/Figure_5-17.html]
[fbswiki.org/wiki/index.php/Special_Browse/_Figure-5F5-17.html]
[fbswiki.org/wiki/index.php/File_Figure-5.21-noise_cancel.html]
[fbswiki.org/wiki/index.php/Special_WhatLinksHere/Figure_5-18.html]
[fbswiki.org/wiki/index.php/Special_RecentChangesLinked/Figure_5-18.html]
[fbswiki.org/wiki/index.php/Special_Browse/_Figure-5F5-18.html]
[fbswiki.org/wiki/index.php/Special_WhatLinksHere/File_Linsys-firstpage.html]
[fbswiki.org/wiki/index.php/Special_RecentChangesLinked/File_Linsys-firstpage.html]
[fbswiki.org/wiki/index.php/Special_Browse/_File_Linsys-2Dfirstpage.html]
[fbswiki.org/wiki/index.php/Springmass.html]
[fbswiki.org/wiki/index.php/File_Figure-6.1-superposition.html]
[fbswiki.org/wiki/index.php/Special_WhatLinksHere/Figure_6.html]
[fbswiki.org/wiki/index.php/Special_RecentChangesLinked/Figure_6.html]
[fbswiki.org/wiki/index.php/Special_Browse/_Figure-5F6.html]
[fbswiki.org/wiki/index.php/File_Figure-6.5-springmass_modes-pp.html]
[fbswiki.org/wiki/index.php/File_Figure-6.5-springmass_modes-slow.html]
[fbswiki.org/wiki/index.php/File_Figure-6.5-springmass_modes-fast.html]
[fbswiki.org/wiki/index.php/Special_WhatLinksHere/Figure_6-2.html]
[fbswiki.org/wiki/index.php/Special_RecentChangesLinked/Figure_6-2.html]
[fbswiki.org/wiki/index.php/Special_Browse/_Figure-5F6-2.html]
[fbswiki.org/wiki/index.php/File_Figure-6.10-compartment_response.html]
[fbswiki.org/wiki/index.php/Special_WhatLinksHere/Figure_6-3.html]
[fbswiki.org/wiki/index.php/Special_RecentChangesLinked/Figure_6-3.html]
[fbswiki.org/wiki/index.php/Special_Browse/_Figure-5F6-3.html]
[fbswiki.org/wiki/index.php/File_Figure-6.12-opamp_bandpass.html]
[fbswiki.org/wiki/index.php/Special_WhatLinksHere/Figure_6-4.html]
[fbswiki.org/wiki/index.php/Special_RecentChangesLinked/Figure_6-4.html]
[fbswiki.org/wiki/index.php/Special_Browse/_Figure-5F6-4.html]
[fbswiki.org/wiki/index.php/File_Figure-6.13-afm_freqresp.html]
[fbswiki.org/wiki/index.php/Special_WhatLinksHere/Figure_6-5.html]
[fbswiki.org/wiki/index.php/Special_RecentChangesLinked/Figure_6-5.html]
[fbswiki.org/wiki/index.php/Special_Browse/_Figure-5F6-5.html]
[fbswiki.org/wiki/index.php/File_Figure-6.14-linearized.html]
[fbswiki.org/wiki/index.php/Special_WhatLinksHere/Figure_6-6.html]
[fbswiki.org/wiki/index.php/Special_RecentChangesLinked/Figure_6-6.html]
[fbswiki.org/wiki/index.php/Special_Browse/_Figure-5F6-6.html]
[fbswiki.org/wiki/index.php/Special_WhatLinksHere/File_Statefbk-firstpage.html]
[fbswiki.org/wiki/index.php/Special_RecentChangesLinked/File_Statefbk-firstpage.html]
[fbswiki.org/wiki/index.php/Special_Browse/_File_Statefbk-2Dfirstpage.html]
[fbswiki.org/wiki/index.php/File_Figure-7.6-steering_place.html]
[fbswiki.org/wiki/index.php/Special_WhatLinksHere/Figure_7.html]
[fbswiki.org/wiki/index.php/Special_RecentChangesLinked/Figure_7.html]
[fbswiki.org/wiki/index.php/Special_Browse/_Figure-5F7.html]
[fbswiki.org/wiki/index.php/Special_WhatLinksHere/File_Outputfbk-firstpage.html]
[fbswiki.org/wiki/index.php/Special_RecentChangesLinked/File_Outputfbk-firstpage.html]
[fbswiki.org/wiki/index.php/Special_Browse/_File_Outputfbk-2Dfirstpage.html]
[fbswiki.org/wiki/index.php/Fbs-2.html]
[fbswiki.org/wiki/index.php/Special_WhatLinksHere/Figure_8.html]
[fbswiki.org/wiki/index.php/Special_RecentChangesLinked/Figure_8.html]
[fbswiki.org/wiki/index.php/Special_Browse/_Figure-5F8.html]
[fbswiki.org/wiki/index.php/Special_WhatLinksHere/File_Xferfcns-firstpage.html]
[fbswiki.org/wiki/index.php/Special_RecentChangesLinked/File_Xferfcns-firstpage.html]
[fbswiki.org/wiki/index.php/Special_Browse/_File_Xferfcns-2Dfirstpage.html]
[fbswiki.org/wiki/index.php/Special_WhatLinksHere/File_Loopanal-firstpage.html]
[fbswiki.org/wiki/index.php/Special_RecentChangesLinked/File_Loopanal-firstpage.html]
[fbswiki.org/wiki/index.php/Special_Browse/_File_Loopanal-2Dfirstpage.html]
[fbswiki.org/wiki/index.php/Special_WhatLinksHere/File_Pid-firstpage.html]
[fbswiki.org/wiki/index.php/Special_RecentChangesLinked/File_Pid-firstpage.html]
[fbswiki.org/wiki/index.php/Special_Browse/_File_Pid-2Dfirstpage.html]
[fbswiki.org/wiki/index.php/Special_WhatLinksHere/File_Loopsyn-firstpage.html]
[fbswiki.org/wiki/index.php/Special_RecentChangesLinked/File_Loopsyn-firstpage.html]
[fbswiki.org/wiki/index.php/Special_Browse/_File_Loopsyn-2Dfirstpage.html]
[fbswiki.org/wiki/index.php/Special_WhatLinksHere/File_Robperf-firstpage.html]
[fbswiki.org/wiki/index.php/Special_RecentChangesLinked/File_Robperf-firstpage.html]
[fbswiki.org/wiki/index.php/Special_Browse/_File_Robperf-2Dfirstpage.html]
[fbswiki.org/wiki/index.php/Special_WhatLinksHere/File_Limits-firstpage.html]
[fbswiki.org/wiki/index.php/Special_RecentChangesLinked/File_Limits-firstpage.html]
[fbswiki.org/wiki/index.php/Special_Browse/_File_Limits-2Dfirstpage.html]
[fbswiki.org/wiki/index.php/Special_WhatLinksHere/File_Architecture-firstpage.html]
[fbswiki.org/wiki/index.php/Special_RecentChangesLinked/File_Architecture-firstpage.html]
[fbswiki.org/wiki/index.php/Special_Browse/_File_Architecture-2Dfirstpage.html]
[fbswiki.org/wiki/index.php/Special_WhatLinksHere/12_Mar_2023__A_new_version_of_the_Optimization-Based]
[fbswiki.org/wiki/index.php/Special_RecentChangesLinked/12_Mar_2023__A_new_version_of_the_Optimization]
[fbswiki.org/wiki/index.php/Special_Browse/_12-5FMar-5F2023_-5FA-5Fnew-5Fversion-5Fof-5Fthe-5FOptimiza]
[fbswiki.org/wiki/index.php/LST.html]
[fbswiki.org/wiki/index.php/LST_release_0.2.html]
[fbswiki.org/wiki/index.php/Special_WhatLinksHere/30_Oct_2020__Notes_on_Linear_Systems_Theory_updated_]
[fbswiki.org/wiki/index.php/Special_RecentChangesLinked/30_Oct_2020__Notes_on_Linear_Systems_Theory_up]
[fbswiki.org/wiki/index.php/Special_Browse/_30-5FOct-5F2020_-5FNotes-5Fon-5FLinear-5FSystems-5FTheory-]
[fbswiki.org/wiki/index.php/Special_WhatLinksHere/Form_Lecture.html]
[fbswiki.org/wiki/index.php/Special_RecentChangesLinked/Form_Lecture.html]
[fbswiki.org/wiki/index.php/Form_Figure.html]
[fbswiki.org/wiki/index.php/Special_WhatLinksHere/Category_Figures.html]
[fbswiki.org/wiki/index.php/Special_RecentChangesLinked/Category_Figures.html]
[fbswiki.org/wiki/index.php/Special_Browse/_Category_Figures.html]
[fbswiki.org/wiki/index.php/File_Delvecchio-mit.html]
[fbswiki.org/wiki/index.php/Special_WhatLinksHere/Domitilla_Del_Vecchio.html]
[fbswiki.org/wiki/index.php/Special_RecentChangesLinked/Domitilla_Del_Vecchio.html]
[fbswiki.org/wiki/index.php/Special_Browse/_Domitilla-5FDel-5FVecchio.html]
[fbswiki.org/wiki/index.php/Special_WhatLinksHere/OBC__Archived_news.html]
[fbswiki.org/wiki/index.php/Special_RecentChangesLinked/OBC__Archived_news.html]
[fbswiki.org/wiki/index.php/Special_Browse/_OBC_-5FArchived-5Fnews.html]
[fbswiki.org/wiki/index.php/Special_WhatLinksHere/File_Figure-8.13-steering-gainsched.html]
[fbswiki.org/wiki/index.php/Special_RecentChangesLinked/File_Figure-8.13-steering-gainsched.312.delaye]
[fbswiki.org/wiki/index.php/Special_Browse/_File_Figure-2D8.13-2Dsteering-2Dgainsched.html]
[fbswiki.org/wiki/index.php/Special_WhatLinksHere/Form_Announcement.html]
[fbswiki.org/wiki/index.php/Special_RecentChangesLinked/Form_Announcement.html]
[fbswiki.org/wiki/index.php/Form_Release.html]
[fbswiki.org/wiki/index.php/Special_WhatLinksHere/Category_Releases.html]
[fbswiki.org/wiki/index.php/Special_RecentChangesLinked/Category_Releases.html]
[fbswiki.org/wiki/index.php/Special_Browse/_Category_Releases.html]
[fbswiki.org/wiki/index.php/Special_WhatLinksHere/File_L1-1_introduction_fa08.html]
[fbswiki.org/wiki/index.php/Special_RecentChangesLinked/File_L1-1_introduction_fa08.html]
[fbswiki.org/wiki/index.php/Special_Browse/_File_L1-2D1-5Fintroduction-5Ffa08.html]
[fbswiki.org/wiki/index.php/Special_WhatLinksHere/File_L1-1_introduction-caltech-sp2024.html]
[fbswiki.org/wiki/index.php/Special_RecentChangesLinked/File_L1-1_introduction-caltech-sp2024.31e.dela]
[fbswiki.org/wiki/index.php/Special_Browse/_File_L1-2D1-5Fintroduction-2Dcaltech-2Dsp2024.html]
[fbswiki.org/wiki/index.php/Special_WhatLinksHere/File_Rollingmill.html]
[fbswiki.org/wiki/index.php/Special_RecentChangesLinked/File_Rollingmill.html]
[fbswiki.org/wiki/index.php/Special_Browse/_File_Rollingmill.html]
[fbswiki.org/wiki/index.php/Form_Exercise.html]
[fbswiki.org/wiki/index.php/Special_WhatLinksHere/Category_Exercises.html]
[fbswiki.org/wiki/index.php/Special_RecentChangesLinked/Category_Exercises.html]
[fbswiki.org/wiki/index.php/Special_Browse/_Category_Exercises.html]
[fbswiki.org/wiki/index.php/Form_Question.html]
[fbswiki.org/wiki/index.php/Special_WhatLinksHere/Category_Questions.html]
[fbswiki.org/wiki/index.php/Special_RecentChangesLinked/Category_Questions.html]
[fbswiki.org/wiki/index.php/Special_Browse/_Category_Questions.html]
[fbswiki.org/wiki/index.php/Special_WhatLinksHere/File_Anim_pend.html]
[fbswiki.org/wiki/index.php/Special_RecentChangesLinked/File_Anim_pend.html]
[fbswiki.org/wiki/index.php/Special_Browse/_File_Anim-5Fpend.html]
[fbswiki.org/wiki/index.php/Special_WhatLinksHere/File_Figure-1.11-cruise_robustness.html]
[fbswiki.org/wiki/index.php/Special_RecentChangesLinked/File_Figure-1.11-cruise_robustness.html]
[fbswiki.org/wiki/index.php/Special_Browse/_File_Figure-2D1.11-2Dcruise-5Frobustness.html]
[fbswiki.org/wiki/index.php/Special_WhatLinksHere/File_Figure-1.18-airfuel-blk.html]
[fbswiki.org/wiki/index.php/Special_RecentChangesLinked/File_Figure-1.18-airfuel-blk.html]
[fbswiki.org/wiki/index.php/Special_Browse/_File_Figure-2D1.18-2Dairfuel-2Dblk.html]
[fbswiki.org/wiki/index.php/Special_WhatLinksHere/File_Figure-1.18-airfuel_selectors.html]
[fbswiki.org/wiki/index.php/Special_RecentChangesLinked/File_Figure-1.18-airfuel_selectors.html]
[fbswiki.org/wiki/index.php/Special_Browse/_File_Figure-2D1.18-2Dairfuel-5Fselectors.html]
[fbswiki.org/wiki/index.php/Special_WhatLinksHere/Form_Chapter.html]
[fbswiki.org/wiki/index.php/Special_RecentChangesLinked/Form_Chapter.html]
[fbswiki.org/wiki/index.php/Special_WhatLinksHere/File_Figure-2.8-PI_step_response.html]
[fbswiki.org/wiki/index.php/Special_RecentChangesLinked/File_Figure-2.8-PI_step_response.html]
[fbswiki.org/wiki/index.php/Special_Browse/_File_Figure-2D2.8-2DPI-5Fstep-5Fresponse.html]
[fbswiki.org/wiki/index.php/Special_WhatLinksHere/File_Figure-2.9-secord_stepresp.html]
[fbswiki.org/wiki/index.php/Special_RecentChangesLinked/File_Figure-2.9-secord_stepresp.html]
[fbswiki.org/wiki/index.php/Special_Browse/_File_Figure-2D2.9-2Dsecord-5Fstepresp.html]
[fbswiki.org/wiki/index.php/Special_WhatLinksHere/File_Figure-2.11-2dof_stepresp.html]
[fbswiki.org/wiki/index.php/Special_RecentChangesLinked/File_Figure-2.11-2dof_stepresp.html]
[fbswiki.org/wiki/index.php/Special_Browse/_File_Figure-2D2.11-2D2dof-5Fstepresp.html]
[fbswiki.org/wiki/index.php/Special_WhatLinksHere/File_Figure-2.12-static_nlsys.html]
[fbswiki.org/wiki/index.php/Special_RecentChangesLinked/File_Figure-2.12-static_nlsys.html]
[fbswiki.org/wiki/index.php/Special_Browse/_File_Figure-2D2.12-2Dstatic-5Fnlsys.html]
[fbswiki.org/wiki/index.php/Special_WhatLinksHere/File_Figure-2.14-static_nlsys.html]
[fbswiki.org/wiki/index.php/Special_RecentChangesLinked/File_Figure-2.14-static_nlsys.html]
[fbswiki.org/wiki/index.php/Special_Browse/_File_Figure-2D2.14-2Dstatic-5Fnlsys.html]
[fbswiki.org/wiki/index.php/Special_WhatLinksHere/File_Figure-2.19-posfbk_saturation.html]
[fbswiki.org/wiki/index.php/Special_RecentChangesLinked/File_Figure-2.19-posfbk_saturation.html]
[fbswiki.org/wiki/index.php/Special_Browse/_File_Figure-2D2.19-2Dposfbk-5Fsaturation.html]
[fbswiki.org/wiki/index.php/Special_WhatLinksHere/File_Figure-3.2-state_model.html]
[fbswiki.org/wiki/index.php/Special_RecentChangesLinked/File_Figure-3.2-state_model.html]
[fbswiki.org/wiki/index.php/Special_Browse/_File_Figure-2D3.2-2Dstate-5Fmodel.html]
[fbswiki.org/wiki/index.php/Special_WhatLinksHere/File_Figure-3.4-io_response.html]
[fbswiki.org/wiki/index.php/Special_RecentChangesLinked/File_Figure-3.4-io_response.html]
[fbswiki.org/wiki/index.php/Special_Browse/_File_Figure-2D3.4-2Dio-5Fresponse.html]
[fbswiki.org/wiki/index.php/Special_WhatLinksHere/File_Figure-3.8-predator_prey.html]
[fbswiki.org/wiki/index.php/Special_RecentChangesLinked/File_Figure-3.8-predator_prey.html]
[fbswiki.org/wiki/index.php/Special_Browse/_File_Figure-2D3.8-2Dpredator-5Fprey.html]
[fbswiki.org/wiki/index.php/Special_WhatLinksHere/File_Figure-3.11-spring_mass_simulation.html]
[fbswiki.org/wiki/index.php/Special_RecentChangesLinked/File_Figure-3.11-spring_mass_simulation.355.de]
[fbswiki.org/wiki/index.php/Special_Browse/_File_Figure-2D3.11-2Dspring-5Fmass-5Fsimulation.356.delaye]
[fbswiki.org/wiki/index.php/Special_WhatLinksHere/File_Figure-3.12-frequency_response.html]
[fbswiki.org/wiki/index.php/Special_RecentChangesLinked/File_Figure-3.12-frequency_response.358.delaye]
[fbswiki.org/wiki/index.php/Special_Browse/_File_Figure-2D3.12-2Dfrequency-5Fresponse.html]
[fbswiki.org/wiki/index.php/Special_WhatLinksHere/File_Figure-3.22-queuing_dynamics.html]
[fbswiki.org/wiki/index.php/Special_RecentChangesLinked/File_Figure-3.22-queuing_dynamics.html]
[fbswiki.org/wiki/index.php/Special_Browse/_File_Figure-2D3.22-2Dqueuing-5Fdynamics.html]
[fbswiki.org/wiki/index.php/Special_WhatLinksHere/File_Figure-3.24-consensus_dynamics.html]
[fbswiki.org/wiki/index.php/Special_RecentChangesLinked/File_Figure-3.24-consensus_dynamics.35e.delaye]
[fbswiki.org/wiki/index.php/Special_Browse/_File_Figure-2D3.24-2Dconsensus-5Fdynamics.html]
[fbswiki.org/wiki/index.php/Special_WhatLinksHere/File_Figure-3.26-repressilator_dynamics.html]
[fbswiki.org/wiki/index.php/Special_RecentChangesLinked/File_Figure-3.26-repressilator_dynamics.361.de]
[fbswiki.org/wiki/index.php/Special_Browse/_File_Figure-2D3.26-2Drepressilator-5Fdynamics.html]
[fbswiki.org/wiki/index.php/Special_WhatLinksHere/File_Figure-3.28-fitzhugh_nagumo.html]
[fbswiki.org/wiki/index.php/Special_RecentChangesLinked/File_Figure-3.28-fitzhugh_nagumo.html]
[fbswiki.org/wiki/index.php/Special_Browse/_File_Figure-2D3.28-2Dfitzhugh-5Fnagumo.html]
[fbswiki.org/wiki/index.php/Special_WhatLinksHere/File_Figure-4.12-congctrl-net.html]
[fbswiki.org/wiki/index.php/Special_RecentChangesLinked/File_Figure-4.12-congctrl-net.html]
[fbswiki.org/wiki/index.php/Special_Browse/_File_Figure-2D4.12-2Dcongctrl-2Dnet.html]
[fbswiki.org/wiki/index.php/Special_WhatLinksHere/File_Figure-4.12-congctrl_eqplot.html]
[fbswiki.org/wiki/index.php/Special_RecentChangesLinked/File_Figure-4.12-congctrl_eqplot.html]
[fbswiki.org/wiki/index.php/Special_Browse/_File_Figure-2D4.12-2Dcongctrl-5Feqplot.html]
[fbswiki.org/wiki/index.php/Congestion_control.html]
[fbswiki.org/wiki/index.php/Special_WhatLinksHere/Congestion_control.html]
[fbswiki.org/wiki/index.php/Special_RecentChangesLinked/Congestion_control.html]
[fbswiki.org/wiki/index.php/Special_Browse/_Congestion-5Fcontrol.html]
[fbswiki.org/wiki/index.php/Special_WhatLinksHere/File_Figure-4.13-congctrl-identical.html]
[fbswiki.org/wiki/index.php/Special_RecentChangesLinked/File_Figure-4.13-congctrl-identical.372.delaye]
[fbswiki.org/wiki/index.php/Special_Browse/_File_Figure-2D4.13-2Dcongctrl-2Didentical.html]
[fbswiki.org/wiki/index.php/Special_WhatLinksHere/File_Figure-4.13-congctrl_tcpsim.html]
[fbswiki.org/wiki/index.php/Special_RecentChangesLinked/File_Figure-4.13-congctrl_tcpsim.html]
[fbswiki.org/wiki/index.php/Special_Browse/_File_Figure-2D4.13-2Dcongctrl-5Ftcpsim.html]
[fbswiki.org/wiki/index.php/Special_WhatLinksHere/File_Figure-4.20-predprey_ctstime-sim.html]
[fbswiki.org/wiki/index.php/Special_RecentChangesLinked/File_Figure-4.20-predprey_ctstime-sim.378.dela]
[fbswiki.org/wiki/index.php/Special_Browse/_File_Figure-2D4.20-2Dpredprey-5Fctstime-2Dsim.html]
[fbswiki.org/wiki/index.php/Special_WhatLinksHere/File_Figure-4.20-predprey_ctstime-pp.html]
[fbswiki.org/wiki/index.php/Special_RecentChangesLinked/File_Figure-4.20-predprey_ctstime-pp.37b.delay]
[fbswiki.org/wiki/index.php/Special_Browse/_File_Figure-2D4.20-2Dpredprey-5Fctstime-2Dpp.html]
[fbswiki.org/wiki/index.php/Special_WhatLinksHere/File_Figure-5-1-damposc_response-time.html]
[fbswiki.org/wiki/index.php/Special_RecentChangesLinked/File_Figure-5-1-damposc_response-time.37e.dela]
[fbswiki.org/wiki/index.php/Special_Browse/_File_Figure-2D5-2D1-2Ddamposc-5Fresponse-2Dtime.37f.delaye]
[fbswiki.org/wiki/index.php/Special_WhatLinksHere/File_Figure-5.3-phase_portraits-vf.html]
[fbswiki.org/wiki/index.php/Special_RecentChangesLinked/File_Figure-5.3-phase_portraits-vf.html]
[fbswiki.org/wiki/index.php/Special_Browse/_File_Figure-2D5.3-2Dphase-5Fportraits-2Dvf.html]
[fbswiki.org/wiki/index.php/Special_WhatLinksHere/File_Figure-5.3-phase_portraits-sl.html]
[fbswiki.org/wiki/index.php/Special_RecentChangesLinked/File_Figure-5.3-phase_portraits-sl.html]
[fbswiki.org/wiki/index.php/Special_Browse/_File_Figure-2D5.3-2Dphase-5Fportraits-2Dsl.html]
[fbswiki.org/wiki/index.php/Special_WhatLinksHere/File_Figure-5.4-invpend_phaseplot.html]
[fbswiki.org/wiki/index.php/Special_RecentChangesLinked/File_Figure-5.4-invpend_phaseplot.html]
[fbswiki.org/wiki/index.php/Special_Browse/_File_Figure-2D5.4-2Dinvpend-5Fphaseplot.html]
[fbswiki.org/wiki/index.php/Special_WhatLinksHere/File_Figure-5.5-limit_cycle-pp.html]
[fbswiki.org/wiki/index.php/Special_RecentChangesLinked/File_Figure-5.5-limit_cycle-pp.html]
[fbswiki.org/wiki/index.php/Special_Browse/_File_Figure-2D5.5-2Dlimit-5Fcycle-2Dpp.html]
[fbswiki.org/wiki/index.php/Special_WhatLinksHere/File_Figure-5.5-limit_cycle-time.html]
[fbswiki.org/wiki/index.php/Special_RecentChangesLinked/File_Figure-5.5-limit_cycle-time.html]
[fbswiki.org/wiki/index.php/Special_Browse/_File_Figure-2D5.5-2Dlimit-5Fcycle-2Dtime.html]
[fbswiki.org/wiki/index.php/Special_WhatLinksHere/File_Figure-5-6-lyapunov_stability.html]
[fbswiki.org/wiki/index.php/Special_RecentChangesLinked/File_Figure-5-6-lyapunov_stability.html]
[fbswiki.org/wiki/index.php/Special_Browse/_File_Figure-2D5-2D6-2Dlyapunov-5Fstability.html]
[fbswiki.org/wiki/index.php/Special_WhatLinksHere/File_Figure-5.7-stable_eqpt-pp.html]
[fbswiki.org/wiki/index.php/Special_RecentChangesLinked/File_Figure-5.7-stable_eqpt-pp.html]
[fbswiki.org/wiki/index.php/Special_Browse/_File_Figure-2D5.7-2Dstable-5Feqpt-2Dpp.html]
[fbswiki.org/wiki/index.php/Special_WhatLinksHere/File_Figure-5.7-stable_eqpt-time.html]
[fbswiki.org/wiki/index.php/Special_RecentChangesLinked/File_Figure-5.7-stable_eqpt-time.html]
[fbswiki.org/wiki/index.php/Special_Browse/_File_Figure-2D5.7-2Dstable-5Feqpt-2Dtime.html]
[fbswiki.org/wiki/index.php/Special_WhatLinksHere/File_Figure-5.8-asystable_eqpt-pp.html]
[fbswiki.org/wiki/index.php/Special_RecentChangesLinked/File_Figure-5.8-asystable_eqpt-pp.html]
[fbswiki.org/wiki/index.php/Special_Browse/_File_Figure-2D5.8-2Dasystable-5Feqpt-2Dpp.html]
[fbswiki.org/wiki/index.php/Special_WhatLinksHere/File_Figure-5.8-asystable_eqpt-time.html]
[fbswiki.org/wiki/index.php/Special_RecentChangesLinked/File_Figure-5.8-asystable_eqpt-time.39c.delaye]
[fbswiki.org/wiki/index.php/Special_Browse/_File_Figure-2D5.8-2Dasystable-5Feqpt-2Dtime.html]
[fbswiki.org/wiki/index.php/Special_WhatLinksHere/File_Figure-5.9-unstable_eqpt-pp.html]
[fbswiki.org/wiki/index.php/Special_RecentChangesLinked/File_Figure-5.9-unstable_eqpt-pp.html]
[fbswiki.org/wiki/index.php/Special_Browse/_File_Figure-2D5.9-2Dunstable-5Feqpt-2Dpp.html]
[fbswiki.org/wiki/index.php/Special_WhatLinksHere/File_Figure-5.9-untable_eqpt-time.html]
[fbswiki.org/wiki/index.php/Special_RecentChangesLinked/File_Figure-5.9-untable_eqpt-time.html]
[fbswiki.org/wiki/index.php/Special_Browse/_File_Figure-2D5.9-2Duntable-5Feqpt-2Dtime.html]
[fbswiki.org/wiki/index.php/Special_WhatLinksHere/File_Figure-5.10-congctrl_dynamics-pp1.html]
[fbswiki.org/wiki/index.php/Special_RecentChangesLinked/File_Figure-5.10-congctrl_dynamics-pp1.3a5.del]
[fbswiki.org/wiki/index.php/Special_Browse/_File_Figure-2D5.10-2Dcongctrl-5Fdynamics-2Dpp1.html]
[fbswiki.org/wiki/index.php/Special_WhatLinksHere/File_Figure-5.10-congctrl_dynamics-pp2.html]
[fbswiki.org/wiki/index.php/Special_RecentChangesLinked/File_Figure-5.10-congctrl_dynamics-pp2.3a8.del]
[fbswiki.org/wiki/index.php/Special_Browse/_File_Figure-2D5.10-2Dcongctrl-5Fdynamics-2Dpp2.html]
[fbswiki.org/wiki/index.php/Special_WhatLinksHere/File_Figure-5.11-invpend_dynamics-nl.html]
[fbswiki.org/wiki/index.php/Special_RecentChangesLinked/File_Figure-5.11-invpend_dynamics-nl.3ab.delay]
[fbswiki.org/wiki/index.php/Special_Browse/_File_Figure-2D5.11-2Dinvpend-5Fdynamics-2Dnl.html]
[fbswiki.org/wiki/index.php/Special_WhatLinksHere/File_Figure-5.11-invpend_dynamics-ln.html]
[fbswiki.org/wiki/index.php/Special_RecentChangesLinked/File_Figure-5.11-invpend_dynamics-ln.3ae.delay]
[fbswiki.org/wiki/index.php/Special_Browse/_File_Figure-2D5.11-2Dinvpend-5Fdynamics-2Dln.html]
[fbswiki.org/wiki/index.php/Special_WhatLinksHere/File_Figure-5-12-tanker_stability.html]
[fbswiki.org/wiki/index.php/Special_RecentChangesLinked/File_Figure-5-12-tanker_stability.html]
[fbswiki.org/wiki/index.php/Special_Browse/_File_Figure-2D5-2D12-2Dtanker-5Fstability.html]
[fbswiki.org/wiki/index.php/Special_WhatLinksHere/File_Figure-5-13-limit_cycle_stability.html]
[fbswiki.org/wiki/index.php/Special_RecentChangesLinked/File_Figure-5-13-limit_cycle_stability.3b4.del]
[fbswiki.org/wiki/index.php/Special_Browse/_File_Figure-2D5-2D13-2Dlimit-5Fcycle-5Fstability.3b5.delay]
[fbswiki.org/wiki/index.php/Special_WhatLinksHere/File_Figure-5-15-genswitch_stability.html]
[fbswiki.org/wiki/index.php/Special_RecentChangesLinked/File_Figure-5-15-genswitch_stability.3b7.delay]
[fbswiki.org/wiki/index.php/Special_Browse/_File_Figure-2D5-2D15-2Dgenswitch-5Fstability.html]
[fbswiki.org/wiki/index.php/Special_WhatLinksHere/File_Figure-5.16-genswitch_dynamics.html]
[fbswiki.org/wiki/index.php/Special_RecentChangesLinked/File_Figure-5.16-genswitch_dynamics.3ba.delaye]
[fbswiki.org/wiki/index.php/Special_Browse/_File_Figure-2D5.16-2Dgenswitch-5Fdynamics.html]
[fbswiki.org/wiki/index.php/Special_WhatLinksHere/File_Figure-5.17-balpend_phaseplot.html]
[fbswiki.org/wiki/index.php/Special_RecentChangesLinked/File_Figure-5.17-balpend_phaseplot.html]
[fbswiki.org/wiki/index.php/Special_Browse/_File_Figure-2D5.17-2Dbalpend-5Fphaseplot.html]
[fbswiki.org/wiki/index.php/Special_WhatLinksHere/File_Figure-5.18-predprey_bif.html]
[fbswiki.org/wiki/index.php/Special_RecentChangesLinked/File_Figure-5.18-predprey_bif.html]
[fbswiki.org/wiki/index.php/Special_Browse/_File_Figure-2D5.18-2Dpredprey-5Fbif.html]
[fbswiki.org/wiki/index.php/Special_WhatLinksHere/File_Figure-5.19-bicycle_stability.html]
[fbswiki.org/wiki/index.php/Special_RecentChangesLinked/File_Figure-5.19-bicycle_stability.html]
[fbswiki.org/wiki/index.php/Special_Browse/_File_Figure-2D5.19-2Dbicycle-5Fstability.html]
[fbswiki.org/wiki/index.php/Special_WhatLinksHere/File_Figure-5.21-noise_cancel.html]
[fbswiki.org/wiki/index.php/Special_RecentChangesLinked/File_Figure-5.21-noise_cancel.html]
[fbswiki.org/wiki/index.php/Special_Browse/_File_Figure-2D5.21-2Dnoise-5Fcancel.html]
[fbswiki.org/wiki/index.php/Spring-mass_system.html]
[fbswiki.org/wiki/index.php/Special_WhatLinksHere/Spring-mass_system.html]
[fbswiki.org/wiki/index.php/Special_RecentChangesLinked/Spring-mass_system.html]
[fbswiki.org/wiki/index.php/Special_Browse/_Spring-2Dmass-5Fsystem.html]
[fbswiki.org/wiki/index.php/Special_WhatLinksHere/File_Figure-6.1-superposition.html]
[fbswiki.org/wiki/index.php/Special_RecentChangesLinked/File_Figure-6.1-superposition.html]
[fbswiki.org/wiki/index.php/Special_Browse/_File_Figure-2D6.1-2Dsuperposition.html]
[fbswiki.org/wiki/index.php/Special_WhatLinksHere/File_Figure-6.5-springmass_modes-pp.html]
[fbswiki.org/wiki/index.php/Special_RecentChangesLinked/File_Figure-6.5-springmass_modes-pp.3d1.delaye]
[fbswiki.org/wiki/index.php/Special_Browse/_File_Figure-2D6.5-2Dspringmass-5Fmodes-2Dpp.html]
[fbswiki.org/wiki/index.php/Special_WhatLinksHere/File_Figure-6.5-springmass_modes-slow.html]
[fbswiki.org/wiki/index.php/Special_RecentChangesLinked/File_Figure-6.5-springmass_modes-slow.3d4.dela]
[fbswiki.org/wiki/index.php/Special_Browse/_File_Figure-2D6.5-2Dspringmass-5Fmodes-2Dslow.html]
[fbswiki.org/wiki/index.php/Special_WhatLinksHere/File_Figure-6.5-springmass_modes-fast.html]
[fbswiki.org/wiki/index.php/Special_RecentChangesLinked/File_Figure-6.5-springmass_modes-fast.3d7.dela]
[fbswiki.org/wiki/index.php/Special_Browse/_File_Figure-2D6.5-2Dspringmass-5Fmodes-2Dfast.html]
[fbswiki.org/wiki/index.php/Special_WhatLinksHere/File_Figure-6.10-compartment_response.html]
[fbswiki.org/wiki/index.php/Special_RecentChangesLinked/File_Figure-6.10-compartment_response.3da.dela]
[fbswiki.org/wiki/index.php/Special_Browse/_File_Figure-2D6.10-2Dcompartment-5Fresponse.html]
[fbswiki.org/wiki/index.php/Special_WhatLinksHere/File_Figure-6.12-opamp_bandpass.html]
[fbswiki.org/wiki/index.php/Special_RecentChangesLinked/File_Figure-6.12-opamp_bandpass.html]
[fbswiki.org/wiki/index.php/Special_Browse/_File_Figure-2D6.12-2Dopamp-5Fbandpass.html]
[fbswiki.org/wiki/index.php/Special_WhatLinksHere/File_Figure-6.13-afm_freqresp.html]
[fbswiki.org/wiki/index.php/Special_RecentChangesLinked/File_Figure-6.13-afm_freqresp.html]
[fbswiki.org/wiki/index.php/Special_Browse/_File_Figure-2D6.13-2Dafm-5Ffreqresp.html]
[fbswiki.org/wiki/index.php/Special_WhatLinksHere/File_Figure-6.14-linearized.html]
[fbswiki.org/wiki/index.php/Special_RecentChangesLinked/File_Figure-6.14-linearized.html]
[fbswiki.org/wiki/index.php/Special_Browse/_File_Figure-2D6.14-2Dlinearized.html]
[fbswiki.org/wiki/index.php/Special_WhatLinksHere/File_Figure-7.6-steering_place.html]
[fbswiki.org/wiki/index.php/Special_RecentChangesLinked/File_Figure-7.6-steering_place.html]
[fbswiki.org/wiki/index.php/Special_Browse/_File_Figure-2D7.6-2Dsteering-5Fplace.html]
[fbswiki.org/wiki/index.php/Special_WhatLinksHere/Fbs.html]
[fbswiki.org/wiki/index.php/Special_RecentChangesLinked/Fbs.html]
[fbswiki.org/wiki/index.php/Special_Browse/_Fbs.html]
[fbswiki.org/wiki/index.php/Special_WhatLinksHere/LST_release_0.2.html]
[fbswiki.org/wiki/index.php/Special_RecentChangesLinked/LST_release_0.2.html]
[fbswiki.org/wiki/index.php/Special_Browse/_LST-5Frelease-5F0.2.html]
[fbswiki.org/wiki/index.php/Special_WhatLinksHere/Form_Figure.html]
[fbswiki.org/wiki/index.php/Special_RecentChangesLinked/Form_Figure.html]
[fbswiki.org/wiki/index.php/Special_WhatLinksHere/File_Delvecchio-mit.html]
[fbswiki.org/wiki/index.php/Special_RecentChangesLinked/File_Delvecchio-mit.html]
[fbswiki.org/wiki/index.php/Special_Browse/_File_Delvecchio-2Dmit.html]
[fbswiki.org/wiki/index.php/Special_WhatLinksHere/Form_Release.html]
[fbswiki.org/wiki/index.php/Special_RecentChangesLinked/Form_Release.html]
[fbswiki.org/wiki/index.php/Special_WhatLinksHere/Form_Exercise.html]
[fbswiki.org/wiki/index.php/Special_RecentChangesLinked/Form_Exercise.html]
[fbswiki.org/wiki/index.php/Special_WhatLinksHere/Form_Question.html]
[fbswiki.org/wiki/index.php/Special_RecentChangesLinked/Form_Question.html]
